openvpn_control_hard_reset_client_v2_message: [opcode=7, key_id=0, session_id=(\xe12\x8aq\x85\xe6\xca, packet_id_ack_array=[], remote_session_id=<uninitialized>, packet_id=0, ssl_data=<uninitialized>, data_len=0, peer_id=<uninitialized>]
openvpn_control_hard_reset_server_v2_message: [opcode=8, key_id=0, session_id=Y<<##+\xb9\x0a, packet_id_ack_array=[0], remote_session_id=(\xe12\x8aq\x85\xe6\xca, packet_id=0, ssl_data=<uninitialized>, data_len=0, peer_id=<uninitialized>]
openvpn_ack message: [opcode=5, key_id=0, session_id=(\xe12\x8aq\x85\xe6\xca, packet_id_ack_array=[0], remote_session_id=Y<<##+\xb9\x0a, packet_id=<uninitialized>, ssl_data=<uninitialized>, data_len=0, peer_id=<uninitialized>]
openvpn_control_message: [opcode=4, key_id=0, session_id=(\xe12\x8aq\x85\xe6\xca, packet_id_ack_array=[], remote_session_id=<uninitialized>, packet_id=1, ssl_data=\x16\x03\x01\x00\xdd\x01\x00\x00\xd9\x03\x01P\xff \xfd?T\x19\xa1\xc3`s\xc7\x90_t2\xd1js\x88d\x01v\xa0\xae\xe0K\x02\x84\x8f\xdc\xb6\x00\x00f\xc0\x14\xc0\x0a\xc0"\xc0!\x009\x008\x00\x88\x00\x87\xc0\x0f\xc0\x05\x005\x00\x84\xc0\x12\xc0\x08\xc0\x1c\xc0\x1b\x00\x16\x00\x13\xc0\x0d\xc0\x03\x00\x0a\xc0\x13\xc0\x09\xc0\x1f\xc0\x1e\x003\x002\x00\x8e (\xe12\x8aq\x85\xe6\xca\xef\x11b\xe8b\xfd\xaaF\x85E\xb7\xed\xc1\xa6\x84Z\xc5\x1c\xe3\xe7\x00\x00\x00\x04P\xff \xfd\x00\x00\x00\x00\x02\x00\x9a\x00\x99\x00E\x00D\xc0\x0e\xc0\x04\x00/\x00\x96\x00A\xc0\x11\xc0\x07\xc0\x0c\xc0\x02\x00\x05\x00\x04\x00\x15\x00\x12\x00\x09\x00\x14\x00\x11\x00\x08\x00\x06\x00\x03\x00\xff\x02\x01\x00\x00I\x00\x0b\x00\x04\x03\x00\x01\x02\x00\x0a\x004\x002\x00\x0e\x00\x0d\x00\x19\x00\x0b\x00\x0c\x00\x18\x00\x09\x00\x0a\x00\x16\x00\x17\x00\x08\x00\x06\x00\x07\x00\x14\x00\x15\x00\x04\x00\x00D (\xe12\x8aq\x85\xe6\xca\xa5/4X\x90\x94\x90N\x88\x91\xbe\x86\xc9\xc4\x04$\xa8\xbf&,\x00\x00\x00\x05P\xff \xfd\x00\x00\x00\x00\x03\x05\x00\x12\x00\x13\x00\x01\x00\x02\x00\x03\x00\x0f\x00\x10\x00\x11\x00#\x00\x00\x00\x0f\x00\x01\x01, data_len=314, peer_id=<uninitialized>]
openvpn_ack message: [opcode=5, key_id=0, session_id=Y<<##+\xb9\x0a, packet_id_ack_array=[1], remote_session_id=(\xe12\x8aq\x85\xe6\xca, packet_id=<uninitialized>, ssl_data=<uninitialized>, data_len=0, peer_id=<uninitialized>]
openvpn_ack message: [opcode=5, key_id=0, session_id=Y<<##+\xb9\x0a, packet_id_ack_array=[2], remote_session_id=(\xe12\x8aq\x85\xe6\xca, packet_id=<uninitialized>, ssl_data=<uninitialized>, data_len=0, peer_id=<uninitialized>]
openvpn_control_message: [opcode=4, key_id=0, session_id=Y<<##+\xb9\x0a, packet_id_ack_array=[3], remote_session_id=(\xe12\x8aq\x85\xe6\xca, packet_id=1, ssl_data=\x16\x03\x01\x00:\x02\x00\x006\x03\x01P\xff \xfc\x1b\x147\xf1\x17;\xa1\x83:\xa9\xe3\xe3&\xe8\xd1\x11\xa5\x9e\x069,\xff$\x0c\xa4y.\x92\x00\x009\x01\x00\x0e\xff\x01\x00\x01\x00\x00#\x00\x00\x00\x0f\x00\x01\x01\x16\x03\x01\x09%\x0b\x00\x09!\x00\x09\x1e\x00\x04\xbd0\x82\x04\xb90\x82\x03\xa1\xa0\x03\x02\x01\x02\x02\x01\x010\x0d\x06\x09*\x86, data_len=100, peer_id=<uninitialized>]
openvpn_control_message: [opcode=4, key_id=0, session_id=Y<<##+\xb9\x0a, packet_id_ack_array=[], remote_session_id=<uninitialized>, packet_id=2, ssl_data=H\x86\xf7\x0d\x01\x01\x05\x05\x000z1\x0b0\x09\x06\x03U\x04\x06\x13\x02AT1\x0b0\x09\x06\x03U\x04\x08\x13\x02OE1\x0d0\x0b\x06\x03U\x04\x07\x13\x04PRO31\x0d0\x0b\x06\x03U\x04\x0a\x13\x04PRO31\x0d0\x0b\x06\x03U\x04\x0b\x13\x04PRO31\x0d0\x0b\x06\x03U\x04\x03\x13\x04PRO31\x0d0\x00\x8e Y<<##+\xb9\x0aV\xc9\xef\x17*\x0f\x05\x1c7\xeaw\x1c[8K\x8d|\x9e\xda\x91\x00\x00\x00\x06P\xff \xfc\x00\x00\x00\x00\x03\x0b\x06\x03U\x04)\x13\x04PRO31\x130\x11\x06\x09*\x86H\x86\xf7\x0d\x01\x09\x01\x16\x04PRO30\x1e\x17\x0d121031022835Z\x17\x0d221029022835Z0z1\x0b0\x09\x06\x03U\x04\x06\x13\x02AT1\x0b0\x09\x06\x03U\x04\x08\x13\x02OE1\x0d0\x0b\x06\x03U\x00\x8e Y<<##+\xb9\x0a\xd2]Z\xc4Q\xfa\xb2\x0e\xbe\xb3i\x0c\xb2a\xc8\xc2?d^\x14\x00\x00\x00\x07P\xff \xfc\x00\x00\x00\x00\x04\x04\x07\x13\x04PRO31\x0d0\x0b\x06\x03U\x04\x0a\x13\x04PRO31\x0d0\x0b\x06\x03U\x04\x0b\x13\x04PRO31\x0d0\x0b\x06\x03U\x04\x03\x13\x04PRO31\x0d0\x0b\x06\x03U\x04)\x13\x04PRO31\x130\x11\x06\x09*\x86H\x86\xf7\x0d\x01\x09\x01\x16\x04PRO30\x82\x01"0\x0d\x06\x09*\x86H, data_len=388, peer_id=<uninitialized>]
openvpn_ack message: [opcode=5, key_id=0, session_id=(\xe12\x8aq\x85\xe6\xca, packet_id_ack_array=[1], remote_session_id=Y<<##+\xb9\x0a, packet_id=<uninitialized>, ssl_data=<uninitialized>, data_len=0, peer_id=<uninitialized>]
openvpn_control_message: [opcode=4, key_id=0, session_id=Y<<##+\xb9\x0a, packet_id_ack_array=[], remote_session_id=<uninitialized>, packet_id=5, ssl_data=\x86\xf7\x0d\x01\x01\x01\x05\x00\x03\x82\x01\x0f\x000\x82\x01\x0a\x02\x82\x01\x01\x00\xc4.\x85F\xd7\x95A#\xa9\x0b\xad\x94\xbbB\xfe\xd06&\xc0D\xd3\xff\xdeP\x93\x9b\xb2]>~\x87\xae\xd8\xd73A\xc63/\x96\x17\xa1\x1d\xf3\xad'\\xd8h\xfa<\xb3\xe9\xe2\x87\xf2\x94\x9cVf\xcfvv\xa2\xed\x80\xde.\xa4O\xcb\x9b\x8f\x97\xc5\x94\xd5\xc7, data_len=100, peer_id=<uninitialized>]
openvpn_ack message: [opcode=5, key_id=0, session_id=(\xe12\x8aq\x85\xe6\xca, packet_id_ack_array=[2], remote_session_id=Y<<##+\xb9\x0a, packet_id=<uninitialized>, ssl_data=<uninitialized>, data_len=0, peer_id=<uninitialized>]
openvpn_ack message: [opcode=5, key_id=0, session_id=(\xe12\x8aq\x85\xe6\xca, packet_id_ack_array=[3, 4], remote_session_id=Y<<##+\xb9\x0a, packet_id=<uninitialized>, ssl_data=<uninitialized>, data_len=0, peer_id=<uninitialized>]
openvpn_control_message: [opcode=4, key_id=0, session_id=Y<<##+\xb9\x0a, packet_id_ack_array=[], remote_session_id=<uninitialized>, packet_id=6, ssl_data=\xab\xb9\xe1\xe0\x9f\xed\xaeE\x16E\xfaJ\x0c\xb0\xfd\x1d\xa2\xd7\xf2\x18I\xd8=\xd9\x9b"\x9e\xc9\xe4\x14\xb0\xcdq\xfa<E8t\x97\x942\xd4\xa8\xf2b\x1f\x88.+\x90"z!G\xa0.\xd8\x8c\xc4\x96n\x193L\xa5N\x83\x895\xaa\x8a\xa0U\x17\x17\xc3dC(\x98I%\x967\x8b\xd4\xbcU57up\xf3\x97\x12\xb6m\xa7\xca\xc1, data_len=100, peer_id=<uninitialized>]
openvpn_ack message: [opcode=5, key_id=0, session_id=(\xe12\x8aq\x85\xe6\xca, packet_id_ack_array=[5], remote_session_id=Y<<##+\xb9\x0a, packet_id=<uninitialized>, ssl_data=<uninitialized>, data_len=0, peer_id=<uninitialized>]
openvpn_control_message: [opcode=4, key_id=0, session_id=Y<<##+\xb9\x0a, packet_id_ack_array=[], remote_session_id=<uninitialized>, packet_id=7, ssl_data=v,\xb8qA/\x84\x0c3\xe9m\xd1\xab\xd2\xd0\xe8\xea\x12\xd7\x1b>3\x04.^\x12\xd2\x82\x0c\xa6\xa2\xa4_o9zi\xf7\x00R\xd2\x0a\x91\x13\x95\xc2\xce\x1e:\x8d\xe6\xb86\xfb\xab\xddO\x8a\x87\xef\xe3\x1b\xd58^\xa1\x85\x1a\xc65\xe8\xf90\xbe\xf0\x97\xd8\xb1\x02\x03\x01\x00\x01\xa3\x82\x01H0\x82\x01D0\x09\x06\x03U\x1d\x13\x04\x02\x00\x8e Y<<##+\xb9\x0a/\xa7\xa5\xffS\x12\xdf\xa9O<\x87\x13\x18 \x86\x13\xc2\xf6m\xc2\x00\x00\x00\x0bP\xff \xfc\x00\x00\x00\x00\x080\x000\x11\x06\x09`\x86H\x01\x86\xf8B\x01\x01\x04\x04\x03\x02\x06@04\x06\x09`\x86H\x01\x86\xf8B\x01\x0d\x04'\x16%Easy-RSA Generated Server Certificate0\x1d\x06\x03U\x1d\x0e\x04\x16\x04\x14nFsf]\x8e\xc9(\x1e\xfa^\xe0<L, data_len=244, peer_id=<uninitialized>]
openvpn_ack message: [opcode=5, key_id=0, session_id=(\xe12\x8aq\x85\xe6\xca, packet_id_ack_array=[6], remote_session_id=Y<<##+\xb9\x0a, packet_id=<uninitialized>, ssl_data=<uninitialized>, data_len=0, peer_id=<uninitialized>]
openvpn_control_message: [opcode=4, key_id=0, session_id=Y<<##+\xb9\x0a, packet_id_ack_array=[], remote_session_id=<uninitialized>, packet_id=9, ssl_data=\x1a\x86\xf0\x14{\xb70\x81\xac\x06\x03U\x1d#\x04\x81\xa40\x81\xa1\x80\x14;8\xb5\xe9t\x0c\x02\xd6p\xb7\xfd\xa7\x83\x86A#\x11!\x19\x89\xa1~\xa4|0z1\x0b0\x09\x06\x03U\x04\x06\x13\x02AT1\x0b0\x09\x06\x03U\x04\x08\x13\x02OE1\x0d0\x0b\x06\x03U\x04\x07\x13\x04PRO31\x0d0\x0b\x06\x03U\x04\x0a\x13\x04, data_len=100, peer_id=<uninitialized>]
openvpn_ack message: [opcode=5, key_id=0, session_id=(\xe12\x8aq\x85\xe6\xca, packet_id_ack_array=[7], remote_session_id=Y<<##+\xb9\x0a, packet_id=<uninitialized>, ssl_data=<uninitialized>, data_len=0, peer_id=<uninitialized>]
openvpn_ack message: [opcode=5, key_id=0, session_id=(\xe12\x8aq\x85\xe6\xca, packet_id_ack_array=[8], remote_session_id=Y<<##+\xb9\x0a, packet_id=<uninitialized>, ssl_data=<uninitialized>, data_len=0, peer_id=<uninitialized>]
openvpn_control_message: [opcode=4, key_id=0, session_id=Y<<##+\xb9\x0a, packet_id_ack_array=[], remote_session_id=<uninitialized>, packet_id=10, ssl_data=PRO31\x0d0\x0b\x06\x03U\x04\x0b\x13\x04PRO31\x0d0\x0b\x06\x03U\x04\x03\x13\x04PRO31\x0d0\x0b\x06\x03U\x04)\x13\x04PRO31\x130\x11\x06\x09*\x86H\x86\xf7\x0d\x01\x09\x01\x16\x04PRO3\x82\x09\x00\xcf\x1d\xca\xb5\xca\x84|a0\x13\x06\x03U\x1d%\x04\x0c0\x0a\x06\x08+\x06\x01\x05\x05\x07, data_len=100, peer_id=<uninitialized>]
openvpn_ack message: [opcode=5, key_id=0, session_id=(\xe12\x8aq\x85\xe6\xca, packet_id_ack_array=[9], remote_session_id=Y<<##+\xb9\x0a, packet_id=<uninitialized>, ssl_data=<uninitialized>, data_len=0, peer_id=<uninitialized>]
openvpn_control_message: [opcode=4, key_id=0, session_id=Y<<##+\xb9\x0a, packet_id_ack_array=[], remote_session_id=<uninitialized>, packet_id=11, ssl_data=\x03\x010\x0b\x06\x03U\x1d\x0f\x04\x04\x03\x02\x05\xa00\x0d\x06\x09*\x86H\x86\xf7\x0d\x01\x01\x05\x05\x00\x03\x82\x01\x01\x00)}\x03|\xf9\x81I\,{\x95\x00\x8a\x90b\x88\x14:7\xcb\xb3\x03M\xd8\xe7\xa2\x04\xfe\xa1\x0e\xabF\x82\xd9\xcc=\xe2\x81\xe8\x1c\x09\x8e\x16;!\xe3\xae\xef\xc4\xfc\xf6\x8f\xe4\x1c\x99ty$\xd2>\\x87f\xe9\xcf\x00\x8e Y<<##+\xb9\x0avM\xcb\xed\x13C\xb4\x86L\x81\x9a]\x95xa\xa8E\x9cf\xef\x00\x00\x00\x0fP\xff \xfc\x00\x00\x00\x00\x0c\\x06\x071\x15u\x8d\x1e~\xe5\x07\xc5`\xa2F\x02|P\xa4\xa8\xe0k\xd9\xd4A\xee\x15=j\x1enr\\xef\x02\x88m\xa2|\xf7\x8d.\x99&\x16t.`|\x18\xc0W\x05 1\x7fl\xb4\xcf\x05\xeeN\x8e\xc1y\xe3S:Pcf\xa8W\x8b\xc5\xc5\xdb`\x91\x9c\x11\xa6\xb8\xa9E19M\xba\x95\xa8\x0aW\xf1[iq\xef\xce\xe4, data_len=244, peer_id=<uninitialized>]
openvpn_ack message: [opcode=5, key_id=0, session_id=(\xe12\x8aq\x85\xe6\xca, packet_id_ack_array=[10], remote_session_id=Y<<##+\xb9\x0a, packet_id=<uninitialized>, ssl_data=<uninitialized>, data_len=0, peer_id=<uninitialized>]
openvpn_control_message: [opcode=4, key_id=0, session_id=Y<<##+\xb9\x0a, packet_id_ack_array=[], remote_session_id=<uninitialized>, packet_id=13, ssl_data=\xea\xb7\xe5z\xc8\xc7\x1c^gIY\xa6\xfe\xcb\xc7\xf3\x04\x88>\xac\xfd\x8cYnl\x1b5\xa8\x96\xd0\xe2\x1c@\x1a\x02u/\xeff?\xd1\xe3\xfe\xe6ET\xf0s\x9c\xcd\xbc\xe7\xfbp\x90\xfb\xd7kLTc\xec\xfd!\x8ep\x90&\x13\x80H\xe9\x95\x09\x18\xf2\xc3J\xeaQ\xe9\x10\xa3\xb8\xfe\x0c\xaa5#\xd3U\x00\x04[0\x82\x04W0\x82, data_len=100, peer_id=<uninitialized>]
openvpn_ack message: [opcode=5, key_id=0, session_id=(\xe12\x8aq\x85\xe6\xca, packet_id_ack_array=[11], remote_session_id=Y<<##+\xb9\x0a, packet_id=<uninitialized>, ssl_data=<uninitialized>, data_len=0, peer_id=<uninitialized>]
openvpn_ack message: [opcode=5, key_id=0, session_id=(\xe12\x8aq\x85\xe6\xca, packet_id_ack_array=[12], remote_session_id=Y<<##+\xb9\x0a, packet_id=<uninitialized>, ssl_data=<uninitialized>, data_len=0, peer_id=<uninitialized>]
openvpn_control_message: [opcode=4, key_id=0, session_id=Y<<##+\xb9\x0a, packet_id_ack_array=[], remote_session_id=<uninitialized>, packet_id=14, ssl_data=\x03?\xa0\x03\x02\x01\x02\x02\x09\x00\xcf\x1d\xca\xb5\xca\x84|a0\x0d\x06\x09*\x86H\x86\xf7\x0d\x01\x01\x05\x05\x000z1\x0b0\x09\x06\x03U\x04\x06\x13\x02AT1\x0b0\x09\x06\x03U\x04\x08\x13\x02OE1\x0d0\x0b\x06\x03U\x04\x07\x13\x04PRO31\x0d0\x0b\x06\x03U\x04\x0a\x13\x04PRO31\x0d0\x0b\x06\x03U\x04\x0b, data_len=100, peer_id=<uninitialized>]
openvpn_ack message: [opcode=5, key_id=0, session_id=(\xe12\x8aq\x85\xe6\xca, packet_id_ack_array=[13], remote_session_id=Y<<##+\xb9\x0a, packet_id=<uninitialized>, ssl_data=<uninitialized>, data_len=0, peer_id=<uninitialized>]
openvpn_control_message: [opcode=4, key_id=0, session_id=Y<<##+\xb9\x0a, packet_id_ack_array=[], remote_session_id=<uninitialized>, packet_id=15, ssl_data=\x13\x04PRO31\x0d0\x0b\x06\x03U\x04\x03\x13\x04PRO31\x0d0\x0b\x06\x03U\x04)\x13\x04PRO31\x130\x11\x06\x09*\x86H\x86\xf7\x0d\x01\x09\x01\x16\x04PRO30\x1e\x17\x0d121031022542Z\x17\x0d221029022542Z0z1\x0b0\x09\x06\x03U\x04\x06\x00\x8e Y<<##+\xb9\x0aV\x81\xcd@\xe2a'L\xee\x87\xe2\x8f\xb5\xf8\x97\x13\xed\xa2\xbd\x9e\x00\x00\x00\x13P\xff \xfc\x00\x00\x00\x00\x10\x13\x02AT1\x0b0\x09\x06\x03U\x04\x08\x13\x02OE1\x0d0\x0b\x06\x03U\x04\x07\x13\x04PRO31\x0d0\x0b\x06\x03U\x04\x0a\x13\x04PRO31\x0d0\x0b\x06\x03U\x04\x0b\x13\x04PRO31\x0d0\x0b\x06\x03U\x04\x03\x13\x04PRO31\x0d0\x0b\x06\x03U\x04)\x13\x04PRO31\x130\x11\x06\x09*\x86, data_len=244, peer_id=<uninitialized>]
openvpn_ack message: [opcode=5, key_id=0, session_id=(\xe12\x8aq\x85\xe6\xca, packet_id_ack_array=[14], remote_session_id=Y<<##+\xb9\x0a, packet_id=<uninitialized>, ssl_data=<uninitialized>, data_len=0, peer_id=<uninitialized>]
openvpn_control_message: [opcode=4, key_id=0, session_id=Y<<##+\xb9\x0a, packet_id_ack_array=[], remote_session_id=<uninitialized>, packet_id=17, ssl_data=H\x86\xf7\x0d\x01\x09\x01\x16\x04PRO30\x82\x01"0\x0d\x06\x09*\x86H\x86\xf7\x0d\x01\x01\x01\x05\x00\x03\x82\x01\x0f\x000\x82\x01\x0a\x02\x82\x01\x01\x00\xad,\xa6\x1f\xd6\x8c2\x0e\x08\x0c\xe1\x9f\xfb\x87\xe2\xeeI 6\xc2\x0e\x1d\x9bA\x17\xea\x14x@\xd3\x7f}g\xe7\x91q\xc7\x17v\xa6\x9a\xe8\x0b"\xc1\x0c:\xade\xe4B<8\x87, data_len=100, peer_id=<uninitialized>]
