openvpn_data2 message: [opcode=9, key_id=0, peer_id=\x00\x00\x0e, data_len=37]
openvpn_data2 message: [opcode=9, key_id=0, peer_id=\x00\x00\x0e, data_len=37]
openvpn_data2 message: [opcode=9, key_id=0, peer_id=\x00\x00\x0e, data_len=37]
openvpn_data2 message: [opcode=9, key_id=0, peer_id=\x00\x00\x0e, data_len=37]
openvpn_control_hard_reset_client_v2_message: [opcode=7, key_id=0, session_id=\x9a\xa6\xb1\xe44\x88\x9a\xd3, packet_id_ack_array=[], remote_session_id=<uninitialized>, packet_id=0, ssl_data=<uninitialized>, data_len=0]
openvpn_control_hard_reset_server_v2_message: [opcode=8, key_id=0, session_id=\xe7\xa7~\xba|\x1cQ\xb5, packet_id_ack_array=[0], remote_session_id=\x9a\xa6\xb1\xe44\x88\x9a\xd3, packet_id=0, ssl_data=<uninitialized>, data_len=0]
openvpn_ack message: [opcode=5, key_id=0, session_id=\x9a\xa6\xb1\xe44\x88\x9a\xd3, packet_id_ack_array=[0], remote_session_id=\xe7\xa7~\xba|\x1cQ\xb5, packet_id=<uninitialized>, ssl_data=<uninitialized>, data_len=0]
openvpn_control_message: [opcode=4, key_id=0, session_id=\x9a\xa6\xb1\xe44\x88\x9a\xd3, packet_id_ack_array=[], remote_session_id=<uninitialized>, packet_id=1, ssl_data=\x16\x03\x01\x01\x10\x01\x00\x01\x0c\x03\x03\xc1\x1c5\xbc\xe5y\xaf\x9cBu\xab\xd1\xe8\xb2\xab\xab\xae\xed84\xb6V[\x1eu\x1ff\xaf$P\x96> \x8f\xb7\x0d\xd4\x0b\x88x\xc6j`\x99,\x09}\xf2b\x83g\xd6d\u\xd9Yy\xdbc\xf6]p\x03\xf6\x002\x13\x02\x13\x03\x13\x01\xc0,\xc00\x00\x9f\xcc\xa9\xcc\xa8\xcc\xaa\xc0+\xc0/\x00\x9e\xc0$\xc0(\x00k\xc0#\xc0'\x00g\xc0\x0a\xc0\x14\x009\xc0\x09\xc0\x13\x003\x00\xff\x01\x00\x00\x91\x00\x0b\x00\x04\x03\x00\x01\x02\x00\x0a\x00\x0c\x00\x0a\x00\x1d\x00\x17\x00\x1e\x00\x19\x00\x18\x00\x16\x00\x00\x00\x17\x00\x00\x00\x0d\x000\x00.\x04\x03\x05\x03\x06\x03\x08\x07\x08\x08\x08\x09\x08\x0a\x08\x0b\x08\x04\x08\x05\x08\x06\x04\x01\x05\x01\x06\x01\x03\x03\x02\x03\x03\x01\x02\x01\x03\x02\x02\x02\x04\x02\x05\x02\x06\x02\x00+\x00\x09\x08\x03\x04\x03\x03\x03\x02\x03\x01\x00-\x00\x02\x01\x01\x003\x00&\x00$\x00\x1d\x00 \xad\xea\xbf\x16o\xd4\xf63{\xe4j)\xe4zjJ\x92t\x80\xd9\xe9\xf8\x14\x8d\xab\x99\x81^\xd9.\xe3\x03, data_len=277]
openvpn_control_message: [opcode=4, key_id=0, session_id=\xe7\xa7~\xba|\x1cQ\xb5, packet_id_ack_array=[1], remote_session_id=\x9a\xa6\xb1\xe44\x88\x9a\xd3, packet_id=1, ssl_data=\x16\x03\x03\x00z\x02\x00\x00v\x03\x03\xbb\x91\xeef\x986\xfa\xd1\xd6\xb2\x04\xb4\x88\x09\xabMP\xbdUF\xbb\xc7{\xdc\xfb\x15\x94E{\xdf\xff\xd4 \x8f\xb7\x0d\xd4\x0b\x88x\xc6j`\x99,\x09}\xf2b\x83g\xd6d\u\xd9Yy\xdbc\xf6]p\x03\xf6\x13\x02\x00\x00.\x00+\x00\x02\x03\x04\x003\x00$\x00\x1d\x00 \xda_\x94i\xfdY\xe9\xa7\xa8\xff\xa5\xedJ\xe6\xea\x1dte4\xd4O\xc4\xaf\x14V\xc5\xbdK8\x05\x0c[\x14\x03\x03\x00\x01\x01\x17\x03\x03\x00\x17f\x86vw2\xb8\xcfj)r\xad\x01Z\xfat\x1a\xa0\xa9a\x0b\xca]q\x17\x03\x03\x0br\xef\x18\xba\xc0\x1fu24\x02q\x1d\x1fU+\x1a\xb0\xe5h\x1b}\xf8\x11\x854\xca\x12\x01&1\x8e]\x0c\x97\x08\xec\x0c\x95\x97\xf1\?\x87D\x96\x12\x9d/2\x11\x84)\xfa\x93\xc4\x8f\xc1\x81]x\xb39\xd4>.\x13\xff \xdcg\xa0Se\xa2\x93@[\xad\xac-\x02\x11\x05\x82\x1b~\xc8+\xa5T\xbfQ\xe0\x91\xed6!\xdd\x98q\xedF\xcb\xcf\xbb\xdb>\x87\xaa\xd4\xe4\xeb\x87\x93\x95#\xca\x16\xf3\x0f@\xa6\x0a\xce)\xfeX\xb82\xdf \x1bwv\x8f\xe0\xba(\xbeT\xc5\xd4\xdd4\x9e[\x10\x8e\xefm\xe0\x84Ah\x8f?\x99:\xb7\x82\x0b\xb7n\xder\xde\x1f\xe8P\xc1{h\x9f,\xf0\xbb]\x9e\x897n\x7f\x0f\xf9\xdf\x82y\x16\x94o\xeez\x90h\xb9K\x0b\xffD\x1d\xf4\xee\xfaE\xacf\xfd\xf9\xe4z;\xcd\xe3\xf1\xbf\xd9\xa7\x87\xca\xc2"a\x99\xd7\xfd\xf0V\xcf\x16\x07\x11\x01\x0e\x86\xa2\xf1\xbe]\xfa\xc8Wi\xd5a+\x858;\xaa \xbe\x92\x9f\x03\xb1\x98\x96\xb0\x97\x16\x89\xfc\x0eD\xc85En\xb1\xc5\xf90\xd6pH7\x13!\xf6u\xf3^`w\xed\x96\xcb\xf8\xa0\x95\x90\xa1}[d\xe8\x95\x81H\x81\x8c$\xe9\xc5\x10(\xbd\xa6\x80\xcc\xbc\xff\xeeIn\x19M\xf3\xaag#o\xdd\x89z\xd8\x06\xe4L\xe6\x04\x02jL_#\x80~\xddn,\xcc\x11\xbb\x1c\xd8\xad>\x9c\xb3Sh.\xd9\x00:7Pz\xf1S\xec\xb4\x1f\xb15\xae\xcf\xc5\x19@\x8b\xba\x98\xd3\xf8o\x01\xe31\xa8)\xccA\xf9\x94\xd2\x00R<)\xb20\xf3\xf8\x83\xa5\xd1\xfd\x89\x80v{\x12%I\xf6\x00\xac,\x94a\x11\xc5\x80\x8c\xec\x95&:u1)\xeb\xd9-\x9a?\x97\xd6-\x9f\xcb\xe5\x10a\x13\xce5l`\x8bl\x87<R{\x88\xdf:y\xc9MK\xc6`\xbd\xc8h\xf3b\x80\xeb8t\xd1\xc2g}\x85\xb0w\xd7\xd3x\xe6\xf8'~\x82\xd8L\xd7\x05O\x8c\xe1\xd1\x1dc\xb4H\xa1\xa9\xf5mH\x91\x04A\xf8\x92_\xb9\xb4\xa3\x8f\x16\xdfc\x80DFr(\xca\xd4<\xe4\x03\xe8\xd14\xd9\xe1_\xff\x01\xc7\x8b\xb2%K\xc4\xa2^\x84\xa5\xe6\xae\xf4t\xc7F?\xa4\x9e\:?\xb0\xd1\x84\x9c\xef\x19\xd5}i\x1d#\x05\xb8\xcb\x0b\x16/\x80\x05P\xe5\x97\x93\x7f\xbb\xab\xf4a\xb1\x16~V\xbe2%%\xba\x85\x094F\xfd,\x1c\x7f\x16\xb4D\x81G\xc6\x05\xc2\x0f}\xe7\x8c\xab \xff\xd2x!k\x80\xd4\xacU$g\x1bK\x96\xcaL\xc4\x03j\xb3\x91X\x17\xf7\x8ae\x0d\x04p\xa0\x88SO\x1d\x97\xe6\xc7\xdbL\xf6T#\x8d\xcaP\xbb\x89*\xba\xe4`#\xe9\xf1\xd4\xfc\xd5\x0b\xe1&\xfd6D\x83[\xd8\xf9\xe7\xf5\x836:T,\xd96\x0d\xeb\xca )fk\x12\xe4\x0e\xd4\xc1X\xd0\xc6\xad\x02&y\xc2\x9b>\xc8\x81\x93\x8c+\xed}\x89`\x9c\xceh\x91Z\x03^g\xa8\xbd\xc1\xbdl\x8e#\x1e\xfa\xfa\x983\xc2\xa1\x07\xa2\x8e!\x11S\xa8\x1dP\x0fQ\xbf5\xa0\x9e\x92\xbb\xbe\xa2\xe8\x02#\xb9KT\xbb\x11]\x92Ny\xcc\x02\x0cfd\xc2V\xf1j\xe7\xab]\x8b\x9b\xcd\x8bSf\x18\x96\xf1\x8c\x9c\xe1\x87\xc3\x03\x07a\x03\xc8+\x92\xc9@B($\x8e\x92\x1f\xd1\xc2\xc3\x8d\xe3 \xc3\xa5\x8c\xa5\x87\xb5M\xa5DN\xadX\xaf\xe4\xea\x96\x0b\xfb"\xae.\xc1\xb6\x00\xf5\x14v+6\xba\xf9\xe2\x96\x1b\x02\xc5y\xf5\x95\x8fl\x93E_\x1e\xef\x87Uh\x80\xf4\xfeH\x9c\x86\x95\x84\xdd8\xc9\x16\xf4kKk\xb9@^\x12\xcd{d[\x06T\x14l\xd1\x005\x83t:\xdc\xfb\xfcB\xb0\x12\xf5\x08`O\xd5\xf1\xe0O5h\x0a\xb0V\xf9<Y\xc6\xd5\x1cAJBu\xa3-\xa2;\xb9}\x8dR\xdfi28\xa3\xd8f\x0d\xde`\xcc\xb1\xd0\xcc&Jl\xfcd\xb7\xc2\xc4\xce\xce\xd5\x88\x05\xf4\x13\x94\xff\xd58\x16\xf7\xf4d\xda\xb5%\xcb5\x89\xe4\xea\xb0c\xed\xefd\xbe\xba\xbb\xbf\x9aDI&\xef\xf3\xcf\xea\x9eC\xd26{\x9b\x08\xdcwM\xb1, data_len=1174]
openvpn_control_message: [opcode=4, key_id=0, session_id=\xe7\xa7~\xba|\x1cQ\xb5, packet_id_ack_array=[2448320152, 922407382, 2986652808, 162221392, 3176482491, 3346783483, 362038651, 3758085152, 2411138516, 193493190, 1784715564, 159248994, 2204620388, 1551227225, 2044421110, 1567622134, 318898176, 771762944, 33752064, 855647232, 486547674, 1603561981, 1508485032, 4289064266, 3874102644, 1697961039, 3299808342, 3317517112, 84695828, 50528257, 18285315, 1533574, 1987523256, 3479841138, 2902547194, 1947902121, 1628162653, 1897333507, 192081688, 3133153141, 842269297, 488592683, 447800680, 461240337, 2234829330, 19280270, 1561106184, 3960247703, 4049354631, 1150685853, 791810436, 704287684, 2411823453, 2025011668, 1043207167, 551315360, 1399169683, 1079750060, 755110149, 2182840008, 732255423, 1373671917, 908189080, 1911375563, 3485195070, 2276119780, 3951530901, 600446707, 255895050, 3458858584, 3090341664, 460813967, 3770296510, 1422251229, 882793232, 2398055904, 2218879119, 1067006647, 2181805934, 3732069919, 3897606523, 1755262192, 3143474825, 929988367, 4192174713, 378826734, 2056284345, 1259077444, 502591226, 1168926461, 4192500283, 3454267839, 3651635146, 3257033113, 3623743574, 3474327313, 17729186, 4055784954, 3361171925, 1630242104, 1001005246, 2459894705, 2560012439, 378141710, 1153971525, 1857144313, 819359816, 924000758, 1978883680, 2012059339, 4171273616, 2709347172, 3902112072, 2173445353, 3306170557, 2793458876, 4293806446, 424539050, 1730375645, 2306529286, 3830244868, 40520799, 595623645, 1848429585, 3139229869, 1050456915, 1747900672, 976703610, 4048809140, 531707310, 3485800768, 2344261843, 4168024547, 833104332, 1106875602, 5389353, 2989552632, 2208682493, 2306897531, 304433654, 11283604, 1628554624, 2364314918, 980758825, 3956878746, 1066915373, 2680939792, 1628687925, 1818266476, 2268877435, 2296330873, 3377286086, 1623050344, 4083319019, 947179970, 1736279472, 2010633080, 3875022718, 2195213527, 89099489, 3508364212, 1218554357, 1833472260, 1106809439, 3115623311, 383738752, 1145467432, 3402906852, 65589556, 3655426047, 29854642, 625722530, 1585751526, 2935256263, 1178576030, 1547321264, 3515129071, 433421673, 488834488, 3406501423, 2147832037, 2543026107, 2884919729, 377378494, 841295290, 2231972934, 4247526527], remote_session_id=\x16\xb4D\x81G\xc6\x05\xc2, packet_id=259909516, ssl_data=\xab \xff\xd2x!k\x80\xd4\xacU$g\x1bK\x96\xcaL\xc4\x03j\xb3\x91X\x17\xf7\x8ae\x0d\x04p\xa0\x88SO\x1d\x97\xe6\xc7\xdbL\xf6T#\x8d\xcaP\xbb\x89*\xba\xe4`#\xe9\xf1\xd4\xfc\xd5\x0b\xe1&\xfd6D\x83[\xd8\xf9\xe7\xf5\x836:T,\xd96\x0d\xeb\xca )fk\x12\xe4\x0e\xd4\xc1X\xd0\xc6\xad\x02&y\xc2\x9b>\xc8\x81\x93\x8c+\xed}\x89`\x9c\xceh\x91Z\x03^g\xa8\xbd\xc1\xbdl\x8e#\x1e\xfa\xfa\x983\xc2\xa1\x07\xa2\x8e!\x11S\xa8\x1dP\x0fQ\xbf5\xa0\x9e\x92\xbb\xbe\xa2\xe8\x02#\xb9KT\xbb\x11]\x92Ny\xcc\x02\x0cfd\xc2V\xf1j\xe7\xab]\x8b\x9b\xcd\x8bSf\x18\x96\xf1\x8c\x9c\xe1\x87\xc3\x03\x07a\x03\xc8+\x92\xc9@B($\x8e\x92\x1f\xd1\xc2\xc3\x8d\xe3 \xc3\xa5\x8c\xa5\x87\xb5M\xa5DN\xadX\xaf\xe4\xea\x96\x0b\xfb"\xae.\xc1\xb6\x00\xf5\x14v+6\xba\xf9\xe2\x96\x1b\x02\xc5y\xf5\x95\x8fl\x93E_\x1e\xef\x87Uh\x80\xf4\xfeH\x9c\x86\x95\x84\xdd8\xc9\x16\xf4kKk\xb9@^\x12\xcd{d[\x06T\x14l\xd1\x005\x83t:\xdc\xfb\xfcB\xb0\x12\xf5\x08`O\xd5\xf1\xe0O5h\x0a\xb0V\xf9<Y\xc6\xd5\x1cAJBu\xa3-\xa2;\xb9}\x8dR\xdfi28\xa3\xd8f\x0d\xde`\xcc\xb1\xd0\xcc&Jl\xfcd\xb7\xc2\xc4\xce\xce\xd5\x88\x05\xf4\x13\x94\xff\xd58\x16\xf7\xf4d\xda\xb5%\xcb5\x89\xe4\xea\xb0c\xed\xefd\xbe\xba\xbb\xbf\x9aDI&\xef\xf3\xcf\xea\x9eC\xd26{\x9b\x08\xdcwM\xb1, data_len=402]
openvpn_control_message: [opcode=4, key_id=0, session_id=\xe7\xa7~\xba|\x1cQ\xb5, packet_id_ack_array=[], remote_session_id=<uninitialized>, packet_id=2, ssl_data=\x1e\xb9\xcauGH0d\x9cr:2\xa9\xd1\xf4\xc7\x11E!\x18X\x0c\xaf\xdf\x1d\x01c"\x1cz\xa5\xfa!\x90BvT>UY\xc4\x06\xe5\xdc\x98\=P\xf2\x97n\x90\xc6`\x10'\xde\xdf]\xb4\x04\x9f) _B_\xeb\x8c9\x8e\xaa\xb5\\xa7bC\x19\xba\xad\x8f 7\x8c\xf7\x02\x1eD\xcf\xff`\x0e^\x88\x07\xcbf\x07!\xbe\x0f\x1f.\xd4\xfe\x8ap4H\x9b\x1b]#Z^\x1d%\xb6\x01\xa1I\xd65\x88\xae\xc9\xe7\x01\x83QDQ\x1a\x90X\xfe\x8d\xb5]\x88\x05fT\xe7\x17\xc1\xd9;\x0a\xfd\x056k\x85~\x97RX\xad\xf5\x08\x92\xc5\x0eo\x8ffV\x8f\x8b\x8a\x99\x97cX\xb1\xdb\xe9\x1b\xec+\x02\xf1\x8a5\xf0dx\xa7qY\x06\x00\xeaM\xcdf\xc3\x11\xf1\x8e"\xe4G\x0dE\xb4`\xfc>\xc4\xfa"#\x9fv\xb9\xba\x98\x92\xa4Q\x91\xc9\x8b\xb4t+\x8aM\xdf\x03&\xc7$\xc1Z\x86\xa9\x94\x85\xb5\xe2c\x95`<\xb4\xa5\xf6\x93\xe13\xc6FB[\xdc\x9ch\xe2\xf0\x8b\xc1#n\xfef\xe8\x9d\xae\xea\xa2\xba\xac8\xf9\xef\xff\x08\xb6\xcb\x8a<\xec\xe0O\x93\x98\x1f\xf4\xee\xf8\x84@\xba\xc2\xaa\x9at73 fLrIc5\xf2\xa9-\xe7j\x0e\xa6\xe5\xb4M\xb6\x84{\xb6\x15\x04\xc4\xc2\x0cK\xa2\xd7\x90N\xaf\xcaXk\xaa\xbd2\xac\xce\xda\xf1a\xe1\xf6m\xc5\x00\x8b&\xbd\xee!\x10\x8e\x99\x04\xcd\xd7x\xc6c\xac\xa1\xe5qK\x93\x1baT\x9dQo\x9b\xb0\x1f\xd2\x17\xee\xfa\x1f\x87\x93D\xf1<\x04\xc1O+_\xbf\xfe\xd4\xca\xc1?@\xf1\xc0O\xdd\xe27\xb2\xb2\xb6\x98\x11v\xa4\x00\xe7\xf5u\xb2\x12\\xf6\x10l\x0e8(\xb2\xd3\x05J\x83m\xc8\xefd\xd9\x0b\xdei\xfd\xa0\x11X`!\xc9\x94\x80\x90\xe5\x0c(_\x8f\xffw\xcc\xe4[d\x8e\xf3s\xec\xdd\xb1\xe53\xf2\x03\x1c}\x13\xf4@\xc7\xed\x98\x16\xf7\xcc\x13\x94NtU\x8bb\xe5\xf0N(d\x8aW\xf1}\xdf\x81\xa0f\x1e\x09\xf5\xe2\xcb\xd5*\x06a\xbe\xab\x8bK\xcd\xdc@\x91\xa1\xa5\xc8\xbb:\x947\xca\xac\x8e\x04(u4\xd2\xa2\xaa\xf0\xff\xba^a\xdf\xd7\x8e\xd8F\xdd9\xca\x1b-\xcdr\xe1"\xd7\xf9\xbf\xce\xb0\x9d\x87\x18\xa7\xeb\x8eo\xeaL\x844\x939;\xb5\x96t\x0d\x99\x0cU\x14\xe8\xa0\xf7\x1f@\xb9\xcf\x1b\x8cT\x97|\xe6d\xc5\x00\x8d\xa6JuRV\x1ai\xc9\x7f~\xe0Q\x16>`\xab^\x8d\x9d\xafI\xff\xcb^D\x8fi\x1f\x87\xb1\x88\xeb\xf4<\xfc\xe64\xd4\x035\xd3\xdc\xda$N\x126\xd6Nu\x89\xe8\x1b\xec!0U\xa6\xc5\xa2\xae\xda\x0a\xcd?\xc2\xce\x9dQA\x93(Z82\xfd~=g\xa9j\xb6\x94&9]y\xaez=\x98\xa1z\x03&He\xf2\x8e\x85\x99\xaav\x07_\xdf\xae\xc2\xfe\xa7s\x0e\xf9[\x0b@6lz4\xdci\xeb\xa20E\xf1\xfd\x00\xecKn\xc2$\x07\xc7\x1a\xce\xe7\x05_\x13\x02\xae\xf0\x8c\xc2\xc2\xc3aD\xa6\xf0\x11\xfdHw\x0b\x80\x0bM\xf9|,\x00y_\x88\xb4o\x04\x05\xfd\x93\xfe\x9c\xba\xa4\x19\xfd\x93\x18\xbes\xfc\xacu:1('\xb6\xbf\xb9d\xc8yv\xd8\x06\x99E\xa9\x18u\xe3^\x05\x0a\xd92?\xe8"s\x80\xe5\x95,\x17\xc4\xba\x03\xcf\xd5st*\x15\xaf\xd2\x0d\x1bT3\x96\xf6fY\x15\xabo\x19\x9cN\xf6\xe8\x0b\xdb\x82\xddP\xf4\xf9w\x1c\xa6\xcf\xddT\x09\xbc\xe9\xc8\xfb\x13\xf6>\xb7\x82\x12\xe2\xd0!\x1bVkR\x08\xa1\x83\xf7\xd6\xab\x8c\x069\x9d\xeb\xf7\x89\xbay\xd9\xab\x89\xf8\xd4yk\xafR*`-\xfbq\xec0bw\x8c\xd2\xef\xddO5FFQtU\x8aP\xb2\xf6\xff\x1b\x15\xb5\xb4lb\x8c\xa5\xaa\xdd\x80w\xd8\x8d\xd5\xd4\x13\xa7\xba\xaa\xf7\xfa\xc5\xd9A\x80q\xa2\x82kRo\xac"o\xbd\xdb\xd9\xea\x09\x13U(\x81[#$\x135\xe01\x80\xce\x90\xe5Z\x15,\xb02\x83u\x08\xc0\xaf.\x15\xb7:~\xc9g\x0a\xe5\xb7\xc0\xa5\xbb\xfe\xd1\x9b\x1aA\xc5\x01\xa8\xbd\x0a\xce\xf0=^\x9aN+\xb6v\xa6\xd5\xed\x15\xaa\x1e\x16\xd3\x91\xa6\x8b\x09\xd4\xce\x0b\x14\x9be&\xaf\xad;\x1bcuW\xab"\xec\xfd\x83=\xe6\xc5\xd2?(\xbd\xb4\x96\xd7<?g\xd5\xc6\x8c\x9c\xad\x03z\xfb\xb6\x1eP8<\x11\xabM\x0a\xee\xcb\x1d\xdcP\xb9\x12\xb9./&\xe5s\xf1/\xaf\xec\\x8aX<\x90\x00\x17p\xd9\xb4\xa3\xe5(\xdb4\x84\xd5\xf1\x18\x0fN3\x116\xc0\x00\x06#V\x86v\x91\x86\xdc\x88!\x1f\x04">\xee\xebK\xc8\xa4\xa3#\x83\x04\x8a\xee\xf9O{\xe2=^PM\x0c\xec\x9bZ\xa6\x08v\x95\xc3\xdc[\xef\x18\x98, data_len=1174]
openvpn_control_message: [opcode=4, key_id=0, session_id=\xe7\xa7~\xba|\x1cQ\xb5, packet_id_ack_array=[486630178, 477799930, 563102326, 1413371225, 3288786396, 2556181840, 4070010512, 3328184359, 3739180468, 77539616, 1598185451, 2352582314, 3042748258, 1125759661, 2401253260, 4144111172, 3489619982, 1585973195, 1711743422, 253701844, 4270485556, 1218124637, 593124893, 632684961, 1238775176, 2932467457, 2203141201, 445667582, 2377473416, 90592487, 398580027, 184354102, 1803910807, 1381543413, 143836430, 1871668822, 2408286873, 2539870385, 3689487340, 721613194, 904946808, 2809223430, 15355341, 1724060145, 2384651335, 222671968, 4231972090, 572759926, 3116013714, 2756809161, 2343859243, 2320359171, 650585281, 1518774676, 2243289699, 2506112180, 2784400353, 868632130, 1541184616, 3807415233, 594476646, 3902648042, 2730142776, 4193255176, 3066792508, 3974123411, 2552231150, 4169416890, 3265960564, 926097510, 1282558307, 905095469, 3882487462, 3853798838, 2222700053, 80003596, 1268963216, 1320143448, 1806351666, 2899237617, 1642198637, 3305147174, 3186499856, 2392392909, 3615016547, 2896291185, 1267932001, 1419596143, 2612010962, 401537567, 2274575601, 1006944591, 727695358, 3570057535, 1089585231, 3722590130, 2998310929, 1990459623, 4118131218, 1559629932, 238561458, 3540339331, 1841885028, 3641433705, 4255125848, 1612827028, 2156979468, 677351423, 2009916507, 1687090035, 3973951973, 871498524, 2098459712, 3354236950, 4157346708, 1316246923, 1659236430, 677677655, 4051558273, 2691046921, 4125281237, 705061310, 2878032845, 3695219105, 2781395770, 2486684332, 2382637173, 886219434, 4043291230, 1642059662, 3628522809, 3390778829, 1927357143, 4190097072, 2642876583, 3951980522, 1283732627, 960214422, 1947048204, 1427433632, 4146020537, 3474689108, 2541545060, 3305147814, 1249202774, 443140479, 2128630038, 1046522718, 2375921481, 4291518020, 2406031239, 2978540532, 1023206964, 3556980179, 3705283662, 305583694, 1971972123, 3961598037, 2797970094, 3658140991, 3268320593, 1100163162, 942865790, 1030203754, 3063162425, 1568255610, 1033412986, 52840549, 4069426585, 2859861855, 3752772350, 2809335545, 1527463990, 1819948252, 1777050160, 1173486848, 3964366530, 604489498, 3471246687, 318942960, 2361574083, 1631889136, 301811831, 192940877, 4185664512, 2036304052, 1862534653, 2482937018, 2753166739, 415134716, 2893363761, 673691327, 3110389881, 1993868953, 1168709749, 3814589706, 3643949032, 577994981, 2502694852, 3120811989, 1936992789, 2949778715, 1412667126, 1717114283, 1863949390, 4142402523, 2195542260, 4185332902, 3487388681, 3169437947, 334905015, 2182275792, 555439723, 1376297347, 4158040972, 104439275, 4152998521, 3651897848, 3564727215, 1378508845, 4218547248, 1652002002, 4024258357], remote_session_id=FFQtU\x8aP\xb2, packet_id=4143913749, ssl_data=\xb5\xb4lb\x8c\xa5\xaa\xdd\x80w\xd8\x8d\xd5\xd4\x13\xa7\xba\xaa\xf7\xfa\xc5\xd9A\x80q\xa2\x82kRo\xac"o\xbd\xdb\xd9\xea\x09\x13U(\x81[#$\x135\xe01\x80\xce\x90\xe5Z\x15,\xb02\x83u\x08\xc0\xaf.\x15\xb7:~\xc9g\x0a\xe5\xb7\xc0\xa5\xbb\xfe\xd1\x9b\x1aA\xc5\x01\xa8\xbd\x0a\xce\xf0=^\x9aN+\xb6v\xa6\xd5\xed\x15\xaa\x1e\x16\xd3\x91\xa6\x8b\x09\xd4\xce\x0b\x14\x9be&\xaf\xad;\x1bcuW\xab"\xec\xfd\x83=\xe6\xc5\xd2?(\xbd\xb4\x96\xd7<?g\xd5\xc6\x8c\x9c\xad\x03z\xfb\xb6\x1eP8<\x11\xabM\x0a\xee\xcb\x1d\xdcP\xb9\x12\xb9./&\xe5s\xf1/\xaf\xec\\x8aX<\x90\x00\x17p\xd9\xb4\xa3\xe5(\xdb4\x84\xd5\xf1\x18\x0fN3\x116\xc0\x00\x06#V\x86v\x91\x86\xdc\x88!\x1f\x04">\xee\xebK\xc8\xa4\xa3#\x83\x04\x8a\xee\xf9O{\xe2=^PM\x0c\xec\x9bZ\xa6\x08v\x95\xc3\xdc[\xef\x18\x98, data_len=246]
openvpn_control_message: [opcode=4, key_id=0, session_id=\xe7\xa7~\xba|\x1cQ\xb5, packet_id_ack_array=[], remote_session_id=<uninitialized>, packet_id=3, ssl_data=\xe41o\xe0L\xd5\x19\x85\xe2:\xd5k\xdf\xeb\xc9C\xab\xf1~"\x1cKY\x9d^6\xe9!\xdb+e\xc9M\x14\x04\xb9\xc9\xc7\xc0\x92V`\xcdmt\xd1\x0dJ\x82\xe3\xd9\xbe\x80\xea\x8e/oJ\xf3+DX\xf2&\xb15B\xdb\x1e/\x7f\xfb\x085\x8bc(.\xa5\xa6\xc5\x90\x99\x81[\x1e$\xea\xd1<S/K\xf3\xffgW\xdb\xeeT \x0f\x89_CPZ\x09oa\x07\xed\xf0\x905\xa3\xe6R\xaa\xabv\xdfm\x05Z\xa2\x85\x16\xe4q>\xc7\xa6\x8bZ\x86\xe38\x9a4'\xe9f\xefL\x19\xe1\x84!S\xec\xc7nfC\xa6\xa2\x110\xf6\xaa8\xe4\x95=W\xef\xb3\x84&\xd3(\x9b\x93\x7fT\xa3\x9f\xdd\xc9Z\x8f\xc2\x94\xcd\x8brbv0\xf9\xd1\x1b\xbeR#\xda\xcd\xecn\xe8)^\xe2\x90=\x107\xe5x\x15l}\x87\x7f\x94s$H\x0bz;w\x0b\x81\x93\xae\xcd\xf0\xd2\x06Ku\xcax>J\x9b\x85M"\xe0\x95F\xc9\xd5\x87\x93\x13\xbf_hv\xe5+\xf5\xb3\x07\x1d\x10\xfeM%\xca\x08v\x0c\x07\xb2"\xeb"\x7f\x00\x0c`N\xceF\x1dH\xdc\xdc\x83\x04\x12Fl\xe0Q\x1a\xf7\xb1\x80":\xf6\xafN\xc0\xfa\xe0]5\x86u\xa0n\xaf\xdc\x12R\x8e\xb0S\xc9\x00\x8f\xaac\xce\xf9E$\xc7\x152\x11\xe9\xf9i\xe1\x1f\x80w\xaeh\xf7\x09\xd0\xf3\x8e\x018\x80=\x85\x16\xc5c\xe08\x94\x059\xe6[\xa3b\xff4\xddV\xa2\xfd\x10\x9aG\x18\x90\xfc-yB\xd1/\xdf\x06\x8b\xe9\xea\xc8H\xe7}\x871\xb4#\x0d\xe4\xaa\x80>\x1b\x1d\xb8\xe4\xc0~\x8fY\xdf\x1d\xf5\xeb81<0\x1c\x87\xa5\xf7\x00\x1f7o\xe8\xffe\x1d{\xa5=\xfe\x95g\x9e\x8a\x8c\x8c\x01|.\xc2\x84\x91\xbd\xc8{\xf0\xfd2*\xd85\x16\xf2Gv/\xb4\x8b\xe2\x15\xcc\x95\xa99\xd6J\\xb2\x87\x0c\x05\x0d^\xd0d\x0b;\x13Z\x07\x18e\xbd)\x85q!S\xc6\xcc\xd2\xd4\x0e\x176\xaf\x84\xbb\x8a\x15m\xa0\xb1V\x02\xe9\x05\xc8\xdd\xd2\x1ak\xc6\xea9\xb0\xa3\xca[\x9d\xb6\xb93\x81\xdd\xfbn\xfb\xf5:\x12\x04z\x0d\xb2\x92\x9cB1\x1d\xcd\xebHm\xc4\xa5\x96\\xb4~\xb5z\x85\xcc\x92;m\x83\x17\xcc\xc9\x82\x9c2\xbd^\xba\xce\xb3mqk\x85ob\x19\x9b\xadC\xe8\x8b\xfa\xcb\x88\xb1\xed\xb2\x09\xe5'q\xaa\xbb\xec#\x15]\xf0\x93\x00\x12\xb0\x86\xff\\xfdGs\x91\x8f\x8a\xa8\xc8h)z$zAh\x98Yh\x09J-\x897\x9aE\xd0F\xdb\xb4\x89YU\x1c:\xa3\x17\x0dk\x1dV\xca\x9b\xfe\x1c\xaa\xca\x0d\xa6\xf1r\xbc@M\xf7\xf4_oh\xc1\x98\x14\xf9\xe5\x8a\x13qJc\x8d|\xff\xa3\x13\h\xd5\xe0\x14\xfb\x80\x10\xcc97\x96\x8e\x04\xe3\xba\xea}\xe3>\xc7Ve@0m/\xf6T\x13t\xa5\xe1\xd1\xf4\xc1@j\xf6\xda\x9d\x97[blNg\xae8v\x8b@\xd0\x8c\xbb\xb5\x8d\xa1\x1df\x1d\xbe\x8auV\x0e\xc9*\xe1\xb3\xbb%\xaf\xdf\x17\x03\x03\x01\x19A\xcb\xbfW\x96<\xe8\x9b:r[\xee>\xa4\xc8y\x10[\xf9\xbejG\xd4|M\xcf.Ub\xbf\x17Q<\xb86!\xc04\xbaQ\x05\xa0.\x17\xe3q4\x85I$\xfc\xac\xa9\x98\x0f\xb2\x9c\xe33\xf9\xf8\x16Y\x9a\xa2':Y\x8aXx\xd9\xf0\xcc@\xd3\x17\x9d\xe1\xbf\xa7\xd5\xa9\xc6\x94\x85(;\xce\xb7_\x07Vs\xb5\xde\xe4\xcc\x96_j\x1a\x02\x99\x10\xe1\xa0[D\xf8\x11\xae\x01F\x86\xdf\xee^\xc0\x9e-\xb4\x90[\x10\xc5 )\x95\x8b\x93\xe1\x8c\xcb\x98\xafx\x92j\xbd\xd3L:\xa6\x86Os\xd9\x0b.\x13iO\xbd\x87\x007k\x144\xf2\xb6\xbdS\x90\xb9\xce\xb6c,\xc1\\x17JB\xfe\xb6\xec\xf3\x1f\xf2\xe1\xfa\x160\x04J\xb0\xca\xa1[\x91Da\x0c}T\xc5\x86\x05\xf4\xec|\x88\xb7A[\xf9s'\x89l\x951\x1c3\xf1\x19\xa1rt\xa6UZM7*st*vQ\x7f\xb0I\xa2\x14\x9a\xe8\xfc\xc5\xb8\x8c\xbd+<\x02\xb7\xbd\x0c\x9d\xa5,abz\x07\xd5\xef\x8b\x14<P\xb78=\xbb\xc4[\x1b\xad\xcb/,\x8dBG*`\x90f\x17\x03\x03\x00E\xa1\xaa(;b\xe1\xd5\xd3P\xfd\xa1\x9aq\x09\x83$\x8e\xad+\xbe\xe69\xfa\x03\xe5#\xf6\x96\xd8\x13\xc6\xedx\x10\x0fH\xdc=ZQ\xfb`\xf0\x91\xc8\xaa\xa4\xf7\xfeG\xe5\x17\xbb\xc8$c\x8e\x87\xad\x02\xb5\xabf\x9c\xef\xa6P\x92\xb8, data_len=1108]
openvpn_control_message: [opcode=4, key_id=0, session_id=\xe7\xa7~\xba|\x1cQ\xb5, packet_id_ack_array=[1580656929, 3677054409, 1293157561, 3385311378, 1449184621, 1959857482, 2195970494, 2162855471, 1867182891, 1146679846, 2973057755, 506429435, 137726819, 674145702, 3314588033, 1528702186, 3510391599, 1274281831, 1474031188, 537889119, 1129339401, 1868629997, 4035982755, 3864177323, 1994353925, 1520600342, 3832626887, 2794150534, 3812137524, 669607663, 1276764548, 559148231, 1852195750, 2719035638, 2855855253, 1029173171, 2217136936, 2610134868, 2745163209, 1519370900, 3448468066, 1982921169, 465457699, 3670928494, 3895025378, 2419920951, 3849852268, 2106032020, 1931757579, 2050717451, 2173939405, 4040296011, 1976203326, 1251706189, 585143622, 3386214291, 331308904, 1994730485, 3003587856, 4266468810, 141954055, 2988632866, 2130709600, 1322141213, 1222433923, 68306540, 3763411703, 2977964602, 4138684096, 4209007925, 2255855726, 2950435410, 2393920457, 9415267, 3472442660, 3340055057, 3925436897, 528512942, 1761020368, 4086169912, 2151515414, 3311657016, 2483370470, 1537434367, 886920866, 4245723719, 412154925, 2034422063, 3741748201, 3938994407, 2106012084, 588113066, 2151553821, 3101999230, 2405031709, 4125833265, 1009785991, 2784428063, 930081023, 1696431013, 1040094567, 2659880076, 24915650, 2224143816, 2079391026, 718812438, 4064769583, 3029066261, 3432360249, 3595197618, 2265711885, 1590715403, 991123975, 409320745, 2238783827, 3335312084, 236402351, 2226883093, 1839247702, 48825800, 3721534059, 3337238960, 2747947933, 3065590657, 3724242683, 4114223620, 2047718034, 2621583645, 3454748781, 3299186268, 3028202874, 2244776507, 1837307852, 3380780082, 3177102030, 3010294123, 2238669337, 2611823592, 2348469128, 2985144841, 3844567466, 3152814869, 1576047360, 313558783, 1560102771, 2442103464, 3362269562, 611991912, 2555996169, 1244498231, 2588266566, 3686041945, 1427913379, 386755357, 1456118782, 480954893, 2800841404], remote_session_id=@M\xf7\xf4_oh\xc1, packet_id=2551511525, ssl_data=\x8a\x13qJc\x8d|\xff\xa3\x13\h\xd5\xe0\x14\xfb\x80\x10\xcc97\x96\x8e\x04\xe3\xba\xea}\xe3>\xc7Ve@0m/\xf6T\x13t\xa5\xe1\xd1\xf4\xc1@j\xf6\xda\x9d\x97[blNg\xae8v\x8b@\xd0\x8c\xbb\xb5\x8d\xa1\x1df\x1d\xbe\x8auV\x0e\xc9*\xe1\xb3\xbb%\xaf\xdf\x17\x03\x03\x01\x19A\xcb\xbfW\x96<\xe8\x9b:r[\xee>\xa4\xc8y\x10[\xf9\xbejG\xd4|M\xcf.Ub\xbf\x17Q<\xb86!\xc04\xbaQ\x05\xa0.\x17\xe3q4\x85I$\xfc\xac\xa9\x98\x0f\xb2\x9c\xe33\xf9\xf8\x16Y\x9a\xa2':Y\x8aXx\xd9\xf0\xcc@\xd3\x17\x9d\xe1\xbf\xa7\xd5\xa9\xc6\x94\x85(;\xce\xb7_\x07Vs\xb5\xde\xe4\xcc\x96_j\x1a\x02\x99\x10\xe1\xa0[D\xf8\x11\xae\x01F\x86\xdf\xee^\xc0\x9e-\xb4\x90[\x10\xc5 )\x95\x8b\x93\xe1\x8c\xcb\x98\xafx\x92j\xbd\xd3L:\xa6\x86Os\xd9\x0b.\x13iO\xbd\x87\x007k\x144\xf2\xb6\xbdS\x90\xb9\xce\xb6c,\xc1\\x17JB\xfe\xb6\xec\xf3\x1f\xf2\xe1\xfa\x160\x04J\xb0\xca\xa1[\x91Da\x0c}T\xc5\x86\x05\xf4\xec|\x88\xb7A[\xf9s'\x89l\x951\x1c3\xf1\x19\xa1rt\xa6UZM7*st*vQ\x7f\xb0I\xa2\x14\x9a\xe8\xfc\xc5\xb8\x8c\xbd+<\x02\xb7\xbd\x0c\x9d\xa5,abz\x07\xd5\xef\x8b\x14<P\xb78=\xbb\xc4[\x1b\xad\xcb/,\x8dBG*`\x90f\x17\x03\x03\x00E\xa1\xaa(;b\xe1\xd5\xd3P\xfd\xa1\x9aq\x09\x83$\x8e\xad+\xbe\xe69\xfa\x03\xe5#\xf6\x96\xd8\x13\xc6\xedx\x10\x0fH\xdc=ZQ\xfb`\xf0\x91\xc8\xaa\xa4\xf7\xfeG\xe5\x17\xbb\xc8$c\x8e\x87\xad\x02\xb5\xabf\x9c\xef\xa6P\x92\xb8, data_len=444]
openvpn_ack message: [opcode=5, key_id=0, session_id=\x9a\xa6\xb1\xe44\x88\x9a\xd3, packet_id_ack_array=[1], remote_session_id=\xe7\xa7~\xba|\x1cQ\xb5, packet_id=<uninitialized>, ssl_data=<uninitialized>, data_len=0]
openvpn_ack message: [opcode=5, key_id=0, session_id=\x9a\xa6\xb1\xe44\x88\x9a\xd3, packet_id_ack_array=[2], remote_session_id=\xe7\xa7~\xba|\x1cQ\xb5, packet_id=<uninitialized>, ssl_data=<uninitialized>, data_len=0]
openvpn_control_message: [opcode=4, key_id=0, session_id=\x9a\xa6\xb1\xe44\x88\x9a\xd3, packet_id_ack_array=[3], remote_session_id=\xe7\xa7~\xba|\x1cQ\xb5, packet_id=2, ssl_data=\x14\x03\x03\x00\x01\x01\x17\x03\x03\x00E$\xf7%(\x01\x96:\xeb\xa6iL"\x94\xce\xe6b\xb2\xb8\xe4\xac\xdd9Er\xd58o\xf5vC\xfd\xf2e8k=\x8f\xac\xc8\xc5\xf6{L\xcc\xd7\x81\xabw$3] \xda\xa3\xc1@Yrb\x0bc\x94\x9d\x8aV\x97C\xe9P\x17\x03\x03\x01\x9d\x8d\xa2D#\x1f\x01)p\xdek\xcb\x0c\xd1\xbcq\x02\xa8J~[\x0fu\xa6\x9b\x8b\x84\x82\x8d\xae\xbel)\xab\x08\x19<\x15c\xa7\xea\x18}4\xbc{\xd5\xe05\x83\xb3\x86]\x0dl\x97Z\xb3\x86\x0e\xd1IVc\xdf\xe5\x1aX\x8adi\xb5\x16\xbf\x86\x14\xa7\xcc\x94\xb3\x1c!\xae\xff\xac\xa2`\xcb(\x13#dS\xe5\x86f'I\x95M\xc3v\x84\xe4&\xe3\xbdN\x0f\xbe\xe12\xe1I/c\x83\x15\x00\x8eg9\xf3\xc7~}#\xf6\x98\x98\xa4\x15\x03\x1fo\x99>e\xf4&\x95/\x0f-\xaf^\xae\x8bG\xaf\xa5\xb7}\x0aX\xe4\xb4k\xe7\xbc\x7f\x83\x84R\xda\x13\x8a\x0c\x1e\xe8fL\xf8\xc4\xe5\x04\x13\x85\x9b\x92 \xa8\xa9{?\xb1\xdd\x91\x81\xc9\x8b\xb8.\xd4\xd7\xbcU\xb6-\xd3\x9e\xbfs\x7fZ\xc6\x7f\x1c\xa4b\xcf\xedBbT\xff`\xd4\x09{\x8f+4oV\x9e\x09\x0a\xa1\xb9\xee\xdfh\xf5-~\\xb9\x06\xc2\x95#\xdc\x81NGWRlp\xe4\xefS\xe3\xf6\xb4\x8bN\xbc\xe3\xd4f1\xd4\x94-4\xf1v3\xb9\xb9twRQ\x1d\xee\xfb\x9c2\xfa(\x98@&B\xae\x8d\xf0\xec\xb3\xd3a\x84\xa6\xb8\x8d&\x0c\xcd]M\xb7\xe8\xfe\x9a\x0e\xe5\xb6\x93<\x97\xb7\xdc\xbc"\xb2\x88)\x04\xfd\x03\xe8\xfb\xf9p4)kfL7r{\xd7\xfaW\x0a\xb8\x8c\x02\x99v\x06\x9ai]\x18NP\xf6z\x9bHvU\xe3E\x17\xd5\xb0 \xf2<\xea)\x8e.(\xaf/tQ\x02\xc4\xf3\xecR4r\xb2t\xd7\x0b/Q\xd8\x10\x98\xbc\xf3\x05&\x068\x13jm>\x97j\xf1cn\xcf\xfb\xec\x98\xdcsP\xe0\x03, data_len=498]
openvpn_control_message: [opcode=4, key_id=0, session_id=\xe7\xa7~\xba|\x1cQ\xb5, packet_id_ack_array=[2], remote_session_id=\x9a\xa6\xb1\xe44\x88\x9a\xd3, packet_id=4, ssl_data=\x17\x03\x03\x00J\xea8\xa3A\x9a"\x82\xd0\x12\xe4\xe0\xdc\x96\x0d\x1d\xe5\x96\x00G\xb9\x84q/\xacx\x88X\x1a\x9d\x9e\x92\x12\xf2A\xb8\x1a\x8e\xf8\xbc\x9d\xca \xf5\x9d\xa6\x16(Rf\xde\x97\xd4-\xdb\xa9@\x00ul3\xe0\xe0\xf1\xbe\x8c\xdcRJ\xecy\xc3\xff\xb1\xc8\x17\x03\x03\x00J\xb0<\xd5\xabwa\x1a\x0d\x9f\xdc\xb7\x1f\x1fx\xac\x96o\xcc\xfd\xbaw\xf5(#\xf3\xee\x1d\xc1-5\xa2\xc4\\xc2H\xf1jAF\x17\xe9\xc3\x8c}\x13E\xd7\xb0\xa1\xab\x96\xd3l%bI\x0cE\x9e\xf6\x10\x84\x8a#]\xef\x1d5\xf2H\xd3{QM, data_len=158]
openvpn_control_message: [opcode=4, key_id=0, session_id=\xe7\xa7~\xba|\x1cQ\xb5, packet_id_ack_array=[], remote_session_id=<uninitialized>, packet_id=5, ssl_data=\x17\x03\x03\x00\xdf\xea\xe9\xcf\xeb\xd8\xf61k<%\x00;V:\xb8E\xfe!\x09\xb0\xbe&\xb1\x0f\xb6\x81Z\x01\xaa\x0b\xd9\x9f>\x0d:\xd2C\x10&R\x09\x85\xbc\x88\xf5\xca;|,\xd1\xb20\xf7\xfe\xf8\x1c\xa5\x1c\xdc\x9b\xb2\xcfLq\xf7Y\xad\xdbr\x1e\x9b\xfc\x05\xaa\x0d\xbf\xaa\x9e\xcc\x7f\x98\xcc\xf01\xee\xf1\xees\xa6\xfeZyI\x0d\x18\xb4;\x96\xb8*b<\xd9#\xe4\xd8T\x95\xf3\x86\x9e\x97\xf6\\xbd|\xa2rzs>2\x0d\x05\xa1\x9f\xf5\x9f>\xdf_\xcc\xe6\xa3\xaf\x13U\x87\x14\xa2l\xa1#\xe0h\xd0\xa41\x9f8\xd9\x9e@\x15\xc2\xf2RU31p\x9d\x04\xd2\xa0K\x89\xc3\Z\xda!\xe8G\xefX\xba\x19\x1f\x9cf\x87\xeb\xa2(\xb6\xda\xda\x1e~\x1d\xd2\xb6\xcfj4\xabBv\x13\x00\x8b@\xef\x180u\xc6\x1e\x9b+}\x95\xbb\xd78j\x06`\xeam\x85k, data_len=228]
openvpn_ack message: [opcode=5, key_id=0, session_id=\x9a\xa6\xb1\xe44\x88\x9a\xd3, packet_id_ack_array=[4], remote_session_id=\xe7\xa7~\xba|\x1cQ\xb5, packet_id=<uninitialized>, ssl_data=<uninitialized>, data_len=0]
openvpn_ack message: [opcode=5, key_id=0, session_id=\x9a\xa6\xb1\xe44\x88\x9a\xd3, packet_id_ack_array=[5], remote_session_id=\xe7\xa7~\xba|\x1cQ\xb5, packet_id=<uninitialized>, ssl_data=<uninitialized>, data_len=0]
openvpn_control_message: [opcode=4, key_id=0, session_id=\x9a\xa6\xb1\xe44\x88\x9a\xd3, packet_id_ack_array=[], remote_session_id=<uninitialized>, packet_id=3, ssl_data=\x17\x03\x03\x00\x1e\xc7\xad\xb5s\xca<\x87/kn\x82\xbbt\x0fl\xec\xd7\x07\xbfs\x91\xf4d}\xf4\x87\xe6\xdf\xbb~, data_len=35]
openvpn_ack message: [opcode=5, key_id=0, session_id=\xe7\xa7~\xba|\x1cQ\xb5, packet_id_ack_array=[3], remote_session_id=\x9a\xa6\xb1\xe44\x88\x9a\xd3, packet_id=<uninitialized>, ssl_data=<uninitialized>, data_len=0]
openvpn_control_message: [opcode=4, key_id=0, session_id=\xe7\xa7~\xba|\x1cQ\xb5, packet_id_ack_array=[], remote_session_id=<uninitialized>, packet_id=6, ssl_data=\x17\x03\x03\x00\xf1\xcd\xd8\x7f}\xab]\xb6\x04\x16\x0fKAR\xd9\x1e\xa3\xefv\xb3B\xe7\xa9(<\x06B\xef4(\xf5d@\x91\xf6\x9bG\xae\x9c\xd5~Vtu\xfa\xf9$d\x0d\xf1\xc07\xb8\x899*\xf8\xdfE\xb5\x83\x14\x0b\xfa\xa7\x86NPT\x0e\xf7\xce\xd8\xcd\xbe\xb6\xe8,\x18W\xb0\xb2\xf5\xc0Q\x8a\xbc+Y\xbf(.K\xed~\xd7\x86\x13\xcb\x1d\xb10,\xab\xf4s"Y\x88\xa6Q\x1b\xc6r\xbc\x06(\xf9i\x03\xe8\x1b\xfa$Bdh\x05\xc0\xb1\x0f9\x8cK\xb1\xc4\x1aw\xe3\x01\x14\x8e+\x0a\xd6\x15\xcd3\xd6\xd6\xda0!\xfd)\xc9\xb6tz\x92i\x12\x9b1\xfc\xe1G\xf4xme*s\x13\xfc\x11- h\xe6\x89\x9c\x85\x1b\x94\x05\x07\xc8\xc9\x8b\x0b\x84\x92\xcf;\xe7e\xcb\xd9*\x0d3jT\xc5f,\x19\xd4<\xd1\xf0\xc7\x0fJ\x18\xbe6\x0fq0\xbe\xa94\xc7\xd6\xbf\x9fv\xce\x14\xb7\x17\xea\xfbkp\xafN\xce\xee\xbb, data_len=246]
openvpn_ack message: [opcode=5, key_id=0, session_id=\x9a\xa6\xb1\xe44\x88\x9a\xd3, packet_id_ack_array=[6], remote_session_id=\xe7\xa7~\xba|\x1cQ\xb5, packet_id=<uninitialized>, ssl_data=<uninitialized>, data_len=0]
openvpn_data2 message: [opcode=9, key_id=0, peer_id=\x00\x00\x0a, data_len=69]
openvpn_data2 message: [opcode=9, key_id=0, peer_id=\x00\x00\x0a, data_len=81]
openvpn_data2 message: [opcode=9, key_id=0, peer_id=\x00\x00\x0a, data_len=81]
openvpn_data2 message: [opcode=9, key_id=0, peer_id=\x00\x00\x0a, data_len=81]
openvpn_data2 message: [opcode=9, key_id=0, peer_id=\x00\x00\x0a, data_len=81]
openvpn_data2 message: [opcode=9, key_id=0, peer_id=\x00\x00\x0a, data_len=81]
openvpn_data2 message: [opcode=9, key_id=0, peer_id=\x00\x00\x0a, data_len=81]
openvpn_data2 message: [opcode=9, key_id=0, peer_id=\x00\x00\x0a, data_len=73]
openvpn_data2 message: [opcode=9, key_id=0, peer_id=\x00\x00\x0a, data_len=73]
openvpn_data2 message: [opcode=9, key_id=0, peer_id=\x00\x00\x0a, data_len=73]
openvpn_data2 message: [opcode=9, key_id=0, peer_id=\x00\x00\x0a, data_len=160]
openvpn_data2 message: [opcode=9, key_id=0, peer_id=\x00\x00\x0a, data_len=160]
openvpn_data2 message: [opcode=9, key_id=0, peer_id=\x00\x00\x0a, data_len=160]
openvpn_data2 message: [opcode=9, key_id=0, peer_id=\x00\x00\x0a, data_len=73]
openvpn_data2 message: [opcode=9, key_id=0, peer_id=\x00\x00\x0a, data_len=221]
openvpn_data2 message: [opcode=9, key_id=0, peer_id=\x00\x00\x0a, data_len=73]
openvpn_data2 message: [opcode=9, key_id=0, peer_id=\x00\x00\x0a, data_len=73]
openvpn_data2 message: [opcode=9, key_id=0, peer_id=\x00\x00\x0a, data_len=73]
openvpn_data2 message: [opcode=9, key_id=0, peer_id=\x00\x00\x0a, data_len=73]
openvpn_data2 message: [opcode=9, key_id=0, peer_id=\x00\x00\x0a, data_len=73]
openvpn_data2 message: [opcode=9, key_id=0, peer_id=\x00\x00\x0a, data_len=221]
openvpn_data2 message: [opcode=9, key_id=0, peer_id=\x00\x00\x0a, data_len=221]
openvpn_data2 message: [opcode=9, key_id=0, peer_id=\x00\x00\x0a, data_len=73]
openvpn_data2 message: [opcode=9, key_id=0, peer_id=\x00\x00\x0a, data_len=73]
openvpn_data2 message: [opcode=9, key_id=0, peer_id=\x00\x00\x0a, data_len=73]
openvpn_data2 message: [opcode=9, key_id=0, peer_id=\x00\x00\x0a, data_len=73]
openvpn_data2 message: [opcode=9, key_id=0, peer_id=\x00\x00\x0a, data_len=73]
openvpn_data2 message: [opcode=9, key_id=0, peer_id=\x00\x00\x0a, data_len=73]
openvpn_data2 message: [opcode=9, key_id=0, peer_id=\x00\x00\x0a, data_len=73]
openvpn_data2 message: [opcode=9, key_id=0, peer_id=\x00\x00\x0a, data_len=73]
openvpn_data2 message: [opcode=9, key_id=0, peer_id=\x00\x00\x0a, data_len=73]
openvpn_data2 message: [opcode=9, key_id=0, peer_id=\x00\x00\x0a, data_len=69]
openvpn_data2 message: [opcode=9, key_id=0, peer_id=\x00\x00\x0e, data_len=37]
openvpn_data2 message: [opcode=9, key_id=0, peer_id=\x00\x00\x0e, data_len=37]
openvpn_data2 message: [opcode=9, key_id=0, peer_id=\x00\x00\x0a, data_len=118]
openvpn_data2 message: [opcode=9, key_id=0, peer_id=\x00\x00\x0a, data_len=105]
openvpn_data2 message: [opcode=9, key_id=0, peer_id=\x00\x00\x0a, data_len=105]
openvpn_data2 message: [opcode=9, key_id=0, peer_id=\x00\x00\x0a, data_len=105]
openvpn_data2 message: [opcode=9, key_id=0, peer_id=\x00\x00\x0a, data_len=105]
openvpn_control_hard_reset_server_v2_message: [opcode=8, key_id=0, session_id=\x05\x01\x00\x00\x01\x00\x00\x00, packet_id_ack_array=[], remote_session_id=<uninitialized>, packet_id=66105, ssl_data=<uninitialized>, data_len=40]
openvpn_control_hard_reset_server_v2_message: [opcode=8, key_id=0, session_id=\x05\x85\x83\x00\x01\x00\x00\x00, packet_id_ack_array=[], remote_session_id=<uninitialized>, packet_id=66105, ssl_data=<uninitialized>, data_len=40]
openvpn_control_hard_reset_server_v2_message: [opcode=8, key_id=0, session_id=\x05\x01\x00\x00\x01\x00\x00\x00, packet_id_ack_array=[], remote_session_id=<uninitialized>, packet_id=569, ssl_data=<uninitialized>, data_len=29]
openvpn_control_hard_reset_server_v2_message: [opcode=8, key_id=0, session_id=\x05\x85\x83\x00\x01\x00\x00\x00, packet_id_ack_array=[], remote_session_id=<uninitialized>, packet_id=569, ssl_data=<uninitialized>, data_len=29]
openvpn_data2 message: [opcode=9, key_id=0, peer_id=\x00\x00\x0a, data_len=105]
openvpn_data2 message: [opcode=9, key_id=0, peer_id=\x00\x00\x0a, data_len=105]
openvpn_data2 message: [opcode=9, key_id=0, peer_id=\x00\x00\x0a, data_len=69]
openvpn_data2 message: [opcode=9, key_id=0, peer_id=\x00\x00\x0a, data_len=105]
openvpn_data2 message: [opcode=9, key_id=0, peer_id=\x00\x00\x0a, data_len=105]
openvpn_data2 message: [opcode=9, key_id=0, peer_id=\x00\x00\x0a, data_len=105]
openvpn_data2 message: [opcode=9, key_id=0, peer_id=\x00\x00\x0a, data_len=105]
openvpn_data2 message: [opcode=9, key_id=0, peer_id=\x00\x00\x0a, data_len=105]
openvpn_data2 message: [opcode=9, key_id=0, peer_id=\x00\x00\x0a, data_len=105]
openvpn_data2 message: [opcode=9, key_id=0, peer_id=\x00\x00\x0a, data_len=105]
openvpn_data2 message: [opcode=9, key_id=0, peer_id=\x00\x00\x0a, data_len=105]
openvpn_data2 message: [opcode=9, key_id=0, peer_id=\x00\x00\x0a, data_len=105]
openvpn_data2 message: [opcode=9, key_id=0, peer_id=\x00\x00\x0a, data_len=105]
openvpn_data2 message: [opcode=9, key_id=0, peer_id=\x00\x00\x0a, data_len=105]
openvpn_data2 message: [opcode=9, key_id=0, peer_id=\x00\x00\x0a, data_len=105]
openvpn_data2 message: [opcode=9, key_id=0, peer_id=\x00\x00\x0a, data_len=105]
openvpn_data2 message: [opcode=9, key_id=0, peer_id=\x00\x00\x0a, data_len=105]
openvpn_data2 message: [opcode=9, key_id=0, peer_id=\x00\x00\x0e, data_len=37]
openvpn_data2 message: [opcode=9, key_id=0, peer_id=\x00\x00\x0e, data_len=37]
openvpn_data2 message: [opcode=9, key_id=0, peer_id=\x00\x00\x0a, data_len=118]
openvpn_data2 message: [opcode=9, key_id=0, peer_id=\x00\x00\x0a, data_len=105]
openvpn_data2 message: [opcode=9, key_id=0, peer_id=\x00\x00\x0a, data_len=105]
openvpn_data2 message: [opcode=9, key_id=0, peer_id=\x00\x00\x0a, data_len=105]
openvpn_data2 message: [opcode=9, key_id=0, peer_id=\x00\x00\x0a, data_len=105]
openvpn_data2 message: [opcode=9, key_id=0, peer_id=\x00\x00\x0a, data_len=105]
openvpn_data2 message: [opcode=9, key_id=0, peer_id=\x00\x00\x0a, data_len=105]
openvpn_data2 message: [opcode=9, key_id=0, peer_id=\x00\x00\x0a, data_len=105]
openvpn_data2 message: [opcode=9, key_id=0, peer_id=\x00\x00\x0a, data_len=105]
openvpn_data2 message: [opcode=9, key_id=0, peer_id=\x00\x00\x0a, data_len=105]
openvpn_data2 message: [opcode=9, key_id=0, peer_id=\x00\x00\x0a, data_len=105]
openvpn_data2 message: [opcode=9, key_id=0, peer_id=\x00\x00\x0a, data_len=105]
openvpn_data2 message: [opcode=9, key_id=0, peer_id=\x00\x00\x0a, data_len=105]
openvpn_data2 message: [opcode=9, key_id=0, peer_id=\x00\x00\x0a, data_len=105]
openvpn_data2 message: [opcode=9, key_id=0, peer_id=\x00\x00\x0a, data_len=105]
openvpn_data2 message: [opcode=9, key_id=0, peer_id=\x00\x00\x0a, data_len=105]
openvpn_data2 message: [opcode=9, key_id=0, peer_id=\x00\x00\x0a, data_len=105]
openvpn_data2 message: [opcode=9, key_id=0, peer_id=\x00\x00\x0a, data_len=105]
openvpn_data2 message: [opcode=9, key_id=0, peer_id=\x00\x00\x0a, data_len=105]
openvpn_data2 message: [opcode=9, key_id=0, peer_id=\x00\x00\x0a, data_len=105]
openvpn_data2 message: [opcode=9, key_id=0, peer_id=\x00\x00\x0a, data_len=105]
openvpn_data2 message: [opcode=9, key_id=0, peer_id=\x00\x00\x0a, data_len=105]
openvpn_data2 message: [opcode=9, key_id=0, peer_id=\x00\x00\x0a, data_len=105]
openvpn_data2 message: [opcode=9, key_id=0, peer_id=\x00\x00\x0e, data_len=37]
openvpn_data2 message: [opcode=9, key_id=0, peer_id=\x00\x00\x0e, data_len=37]
openvpn_data2 message: [opcode=9, key_id=0, peer_id=\x00\x00\x0a, data_len=118]
openvpn_data2 message: [opcode=9, key_id=0, peer_id=\x00\x00\x0a, data_len=69]
openvpn_data2 message: [opcode=9, key_id=0, peer_id=\x00\x00\x0a, data_len=105]
openvpn_data2 message: [opcode=9, key_id=0, peer_id=\x00\x00\x0a, data_len=105]
openvpn_data2 message: [opcode=9, key_id=0, peer_id=\x00\x00\x0a, data_len=105]
openvpn_data2 message: [opcode=9, key_id=0, peer_id=\x00\x00\x0a, data_len=105]
openvpn_data2 message: [opcode=9, key_id=0, peer_id=\x00\x00\x0a, data_len=105]
openvpn_data2 message: [opcode=9, key_id=0, peer_id=\x00\x00\x0a, data_len=105]
openvpn_data2 message: [opcode=9, key_id=0, peer_id=\x00\x00\x0a, data_len=97]
openvpn_data2 message: [opcode=9, key_id=0, peer_id=\x00\x00\x0e, data_len=37]
openvpn_data2 message: [opcode=9, key_id=0, peer_id=\x00\x00\x0e, data_len=37]
openvpn_data2 message: [opcode=9, key_id=0, peer_id=\x00\x00\x0a, data_len=37]
