[opcode=7, key_id=0, session_id=Pz(\xa7\x82ux\x8d, packet_id_ack_array=[], remote_session_id=<uninitialized>, packet_id=0, data_len=0, peer_id=<uninitialized>, msg_type=7, msg_type_str=P_CONTROL_HARD_RESET_CLIENT_V2]
[opcode=8, key_id=0, session_id=\x9a\xd7G\xbe\xb2M\x8a\x1b, packet_id_ack_array=[0], remote_session_id=Pz(\xa7\x82ux\x8d, packet_id=0, data_len=0, peer_id=<uninitialized>, msg_type=8, msg_type_str=P_CONTROL_HARD_RESET_SERVER_V2]
[opcode=5, key_id=0, session_id=Pz(\xa7\x82ux\x8d, packet_id_ack_array=[0], remote_session_id=\x9a\xd7G\xbe\xb2M\x8a\x1b, packet_id=<uninitialized>, data_len=0, peer_id=<uninitialized>, msg_type=5, msg_type_str=P_ACK_V1]
[opcode=4, key_id=0, session_id=Pz(\xa7\x82ux\x8d, packet_id_ack_array=[], remote_session_id=<uninitialized>, packet_id=1, data_len=258, peer_id=<uninitialized>, msg_type=4, msg_type_str=P_CONTROL_V1]
[opcode=5, key_id=0, session_id=\x9a\xd7G\xbe\xb2M\x8a\x1b, packet_id_ack_array=[1], remote_session_id=Pz(\xa7\x82ux\x8d, packet_id=<uninitialized>, data_len=0, peer_id=<uninitialized>, msg_type=5, msg_type_str=P_ACK_V1]
[opcode=5, key_id=0, session_id=\x9a\xd7G\xbe\xb2M\x8a\x1b, packet_id_ack_array=[2], remote_session_id=Pz(\xa7\x82ux\x8d, packet_id=<uninitialized>, data_len=0, peer_id=<uninitialized>, msg_type=5, msg_type_str=P_ACK_V1]
[opcode=4, key_id=0, session_id=\x9a\xd7G\xbe\xb2M\x8a\x1b, packet_id_ack_array=[3], remote_session_id=Pz(\xa7\x82ux\x8d, packet_id=1, data_len=100, peer_id=<uninitialized>, msg_type=4, msg_type_str=P_CONTROL_V1]
[opcode=4, key_id=0, session_id=\x9a\xd7G\xbe\xb2M\x8a\x1b, packet_id_ack_array=[], remote_session_id=<uninitialized>, packet_id=2, data_len=332, peer_id=<uninitialized>, msg_type=4, msg_type_str=P_CONTROL_V1]
[opcode=5, key_id=0, session_id=Pz(\xa7\x82ux\x8d, packet_id_ack_array=[1], remote_session_id=\x9a\xd7G\xbe\xb2M\x8a\x1b, packet_id=<uninitialized>, data_len=0, peer_id=<uninitialized>, msg_type=5, msg_type_str=P_ACK_V1]
[opcode=4, key_id=0, session_id=\x9a\xd7G\xbe\xb2M\x8a\x1b, packet_id_ack_array=[], remote_session_id=<uninitialized>, packet_id=5, data_len=100, peer_id=<uninitialized>, msg_type=4, msg_type_str=P_CONTROL_V1]
[opcode=5, key_id=0, session_id=Pz(\xa7\x82ux\x8d, packet_id_ack_array=[2], remote_session_id=\x9a\xd7G\xbe\xb2M\x8a\x1b, packet_id=<uninitialized>, data_len=0, peer_id=<uninitialized>, msg_type=5, msg_type_str=P_ACK_V1]
[opcode=5, key_id=0, session_id=Pz(\xa7\x82ux\x8d, packet_id_ack_array=[3, 4], remote_session_id=\x9a\xd7G\xbe\xb2M\x8a\x1b, packet_id=<uninitialized>, data_len=0, peer_id=<uninitialized>, msg_type=5, msg_type_str=P_ACK_V1]
[opcode=4, key_id=0, session_id=\x9a\xd7G\xbe\xb2M\x8a\x1b, packet_id_ack_array=[], remote_session_id=<uninitialized>, packet_id=6, data_len=100, peer_id=<uninitialized>, msg_type=4, msg_type_str=P_CONTROL_V1]
[opcode=5, key_id=0, session_id=Pz(\xa7\x82ux\x8d, packet_id_ack_array=[5], remote_session_id=\x9a\xd7G\xbe\xb2M\x8a\x1b, packet_id=<uninitialized>, data_len=0, peer_id=<uninitialized>, msg_type=5, msg_type_str=P_ACK_V1]
[opcode=4, key_id=0, session_id=\x9a\xd7G\xbe\xb2M\x8a\x1b, packet_id_ack_array=[], remote_session_id=<uninitialized>, packet_id=7, data_len=216, peer_id=<uninitialized>, msg_type=4, msg_type_str=P_CONTROL_V1]
[opcode=5, key_id=0, session_id=Pz(\xa7\x82ux\x8d, packet_id_ack_array=[6], remote_session_id=\x9a\xd7G\xbe\xb2M\x8a\x1b, packet_id=<uninitialized>, data_len=0, peer_id=<uninitialized>, msg_type=5, msg_type_str=P_ACK_V1]
[opcode=4, key_id=0, session_id=\x9a\xd7G\xbe\xb2M\x8a\x1b, packet_id_ack_array=[], remote_session_id=<uninitialized>, packet_id=9, data_len=100, peer_id=<uninitialized>, msg_type=4, msg_type_str=P_CONTROL_V1]
[opcode=5, key_id=0, session_id=Pz(\xa7\x82ux\x8d, packet_id_ack_array=[7], remote_session_id=\x9a\xd7G\xbe\xb2M\x8a\x1b, packet_id=<uninitialized>, data_len=0, peer_id=<uninitialized>, msg_type=5, msg_type_str=P_ACK_V1]
[opcode=5, key_id=0, session_id=Pz(\xa7\x82ux\x8d, packet_id_ack_array=[8], remote_session_id=\x9a\xd7G\xbe\xb2M\x8a\x1b, packet_id=<uninitialized>, data_len=0, peer_id=<uninitialized>, msg_type=5, msg_type_str=P_ACK_V1]
[opcode=4, key_id=0, session_id=\x9a\xd7G\xbe\xb2M\x8a\x1b, packet_id_ack_array=[], remote_session_id=<uninitialized>, packet_id=10, data_len=100, peer_id=<uninitialized>, msg_type=4, msg_type_str=P_CONTROL_V1]
[opcode=5, key_id=0, session_id=Pz(\xa7\x82ux\x8d, packet_id_ack_array=[9], remote_session_id=\x9a\xd7G\xbe\xb2M\x8a\x1b, packet_id=<uninitialized>, data_len=0, peer_id=<uninitialized>, msg_type=5, msg_type_str=P_ACK_V1]
[opcode=4, key_id=0, session_id=\x9a\xd7G\xbe\xb2M\x8a\x1b, packet_id_ack_array=[], remote_session_id=<uninitialized>, packet_id=11, data_len=216, peer_id=<uninitialized>, msg_type=4, msg_type_str=P_CONTROL_V1]
[opcode=5, key_id=0, session_id=Pz(\xa7\x82ux\x8d, packet_id_ack_array=[10], remote_session_id=\x9a\xd7G\xbe\xb2M\x8a\x1b, packet_id=<uninitialized>, data_len=0, peer_id=<uninitialized>, msg_type=5, msg_type_str=P_ACK_V1]
[opcode=4, key_id=0, session_id=\x9a\xd7G\xbe\xb2M\x8a\x1b, packet_id_ack_array=[], remote_session_id=<uninitialized>, packet_id=13, data_len=100, peer_id=<uninitialized>, msg_type=4, msg_type_str=P_CONTROL_V1]
[opcode=5, key_id=0, session_id=Pz(\xa7\x82ux\x8d, packet_id_ack_array=[11], remote_session_id=\x9a\xd7G\xbe\xb2M\x8a\x1b, packet_id=<uninitialized>, data_len=0, peer_id=<uninitialized>, msg_type=5, msg_type_str=P_ACK_V1]
[opcode=5, key_id=0, session_id=Pz(\xa7\x82ux\x8d, packet_id_ack_array=[12], remote_session_id=\x9a\xd7G\xbe\xb2M\x8a\x1b, packet_id=<uninitialized>, data_len=0, peer_id=<uninitialized>, msg_type=5, msg_type_str=P_ACK_V1]
[opcode=4, key_id=0, session_id=\x9a\xd7G\xbe\xb2M\x8a\x1b, packet_id_ack_array=[], remote_session_id=<uninitialized>, packet_id=14, data_len=100, peer_id=<uninitialized>, msg_type=4, msg_type_str=P_CONTROL_V1]
[opcode=5, key_id=0, session_id=Pz(\xa7\x82ux\x8d, packet_id_ack_array=[13], remote_session_id=\x9a\xd7G\xbe\xb2M\x8a\x1b, packet_id=<uninitialized>, data_len=0, peer_id=<uninitialized>, msg_type=5, msg_type_str=P_ACK_V1]
[opcode=4, key_id=0, session_id=\x9a\xd7G\xbe\xb2M\x8a\x1b, packet_id_ack_array=[], remote_session_id=<uninitialized>, packet_id=15, data_len=216, peer_id=<uninitialized>, msg_type=4, msg_type_str=P_CONTROL_V1]
[opcode=5, key_id=0, session_id=Pz(\xa7\x82ux\x8d, packet_id_ack_array=[14], remote_session_id=\x9a\xd7G\xbe\xb2M\x8a\x1b, packet_id=<uninitialized>, data_len=0, peer_id=<uninitialized>, msg_type=5, msg_type_str=P_ACK_V1]
[opcode=4, key_id=0, session_id=\x9a\xd7G\xbe\xb2M\x8a\x1b, packet_id_ack_array=[], remote_session_id=<uninitialized>, packet_id=17, data_len=100, peer_id=<uninitialized>, msg_type=4, msg_type_str=P_CONTROL_V1]
[opcode=5, key_id=0, session_id=Pz(\xa7\x82ux\x8d, packet_id_ack_array=[15], remote_session_id=\x9a\xd7G\xbe\xb2M\x8a\x1b, packet_id=<uninitialized>, data_len=0, peer_id=<uninitialized>, msg_type=5, msg_type_str=P_ACK_V1]
[opcode=5, key_id=0, session_id=Pz(\xa7\x82ux\x8d, packet_id_ack_array=[16], remote_session_id=\x9a\xd7G\xbe\xb2M\x8a\x1b, packet_id=<uninitialized>, data_len=0, peer_id=<uninitialized>, msg_type=5, msg_type_str=P_ACK_V1]
[opcode=4, key_id=0, session_id=\x9a\xd7G\xbe\xb2M\x8a\x1b, packet_id_ack_array=[], remote_session_id=<uninitialized>, packet_id=18, data_len=100, peer_id=<uninitialized>, msg_type=4, msg_type_str=P_CONTROL_V1]
[opcode=5, key_id=0, session_id=Pz(\xa7\x82ux\x8d, packet_id_ack_array=[17], remote_session_id=\x9a\xd7G\xbe\xb2M\x8a\x1b, packet_id=<uninitialized>, data_len=0, peer_id=<uninitialized>, msg_type=5, msg_type_str=P_ACK_V1]
[opcode=4, key_id=0, session_id=\x9a\xd7G\xbe\xb2M\x8a\x1b, packet_id_ack_array=[], remote_session_id=<uninitialized>, packet_id=19, data_len=100, peer_id=<uninitialized>, msg_type=4, msg_type_str=P_CONTROL_V1]
[opcode=5, key_id=0, session_id=Pz(\xa7\x82ux\x8d, packet_id_ack_array=[18], remote_session_id=\x9a\xd7G\xbe\xb2M\x8a\x1b, packet_id=<uninitialized>, data_len=0, peer_id=<uninitialized>, msg_type=5, msg_type_str=P_ACK_V1]
[opcode=4, key_id=0, session_id=\x9a\xd7G\xbe\xb2M\x8a\x1b, packet_id_ack_array=[], remote_session_id=<uninitialized>, packet_id=20, data_len=216, peer_id=<uninitialized>, msg_type=4, msg_type_str=P_CONTROL_V1]
[opcode=5, key_id=0, session_id=Pz(\xa7\x82ux\x8d, packet_id_ack_array=[19], remote_session_id=\x9a\xd7G\xbe\xb2M\x8a\x1b, packet_id=<uninitialized>, data_len=0, peer_id=<uninitialized>, msg_type=5, msg_type_str=P_ACK_V1]
[opcode=4, key_id=0, session_id=\x9a\xd7G\xbe\xb2M\x8a\x1b, packet_id_ack_array=[], remote_session_id=<uninitialized>, packet_id=22, data_len=100, peer_id=<uninitialized>, msg_type=4, msg_type_str=P_CONTROL_V1]
[opcode=5, key_id=0, session_id=Pz(\xa7\x82ux\x8d, packet_id_ack_array=[20], remote_session_id=\x9a\xd7G\xbe\xb2M\x8a\x1b, packet_id=<uninitialized>, data_len=0, peer_id=<uninitialized>, msg_type=5, msg_type_str=P_ACK_V1]
[opcode=5, key_id=0, session_id=Pz(\xa7\x82ux\x8d, packet_id_ack_array=[21], remote_session_id=\x9a\xd7G\xbe\xb2M\x8a\x1b, packet_id=<uninitialized>, data_len=0, peer_id=<uninitialized>, msg_type=5, msg_type_str=P_ACK_V1]
[opcode=4, key_id=0, session_id=\x9a\xd7G\xbe\xb2M\x8a\x1b, packet_id_ack_array=[], remote_session_id=<uninitialized>, packet_id=23, data_len=100, peer_id=<uninitialized>, msg_type=4, msg_type_str=P_CONTROL_V1]
[opcode=5, key_id=0, session_id=Pz(\xa7\x82ux\x8d, packet_id_ack_array=[22], remote_session_id=\x9a\xd7G\xbe\xb2M\x8a\x1b, packet_id=<uninitialized>, data_len=0, peer_id=<uninitialized>, msg_type=5, msg_type_str=P_ACK_V1]
[opcode=4, key_id=0, session_id=\x9a\xd7G\xbe\xb2M\x8a\x1b, packet_id_ack_array=[], remote_session_id=<uninitialized>, packet_id=24, data_len=216, peer_id=<uninitialized>, msg_type=4, msg_type_str=P_CONTROL_V1]
[opcode=5, key_id=0, session_id=Pz(\xa7\x82ux\x8d, packet_id_ack_array=[23], remote_session_id=\x9a\xd7G\xbe\xb2M\x8a\x1b, packet_id=<uninitialized>, data_len=0, peer_id=<uninitialized>, msg_type=5, msg_type_str=P_ACK_V1]
[opcode=4, key_id=0, session_id=\x9a\xd7G\xbe\xb2M\x8a\x1b, packet_id_ack_array=[], remote_session_id=<uninitialized>, packet_id=26, data_len=100, peer_id=<uninitialized>, msg_type=4, msg_type_str=P_CONTROL_V1]
[opcode=5, key_id=0, session_id=Pz(\xa7\x82ux\x8d, packet_id_ack_array=[24], remote_session_id=\x9a\xd7G\xbe\xb2M\x8a\x1b, packet_id=<uninitialized>, data_len=0, peer_id=<uninitialized>, msg_type=5, msg_type_str=P_ACK_V1]
[opcode=4, key_id=0, session_id=\x9a\xd7G\xbe\xb2M\x8a\x1b, packet_id_ack_array=[], remote_session_id=<uninitialized>, packet_id=27, data_len=100, peer_id=<uninitialized>, msg_type=4, msg_type_str=P_CONTROL_V1]
[opcode=5, key_id=0, session_id=Pz(\xa7\x82ux\x8d, packet_id_ack_array=[25], remote_session_id=\x9a\xd7G\xbe\xb2M\x8a\x1b, packet_id=<uninitialized>, data_len=0, peer_id=<uninitialized>, msg_type=5, msg_type_str=P_ACK_V1]
[opcode=5, key_id=0, session_id=Pz(\xa7\x82ux\x8d, packet_id_ack_array=[26], remote_session_id=\x9a\xd7G\xbe\xb2M\x8a\x1b, packet_id=<uninitialized>, data_len=0, peer_id=<uninitialized>, msg_type=5, msg_type_str=P_ACK_V1]
[opcode=4, key_id=0, session_id=\x9a\xd7G\xbe\xb2M\x8a\x1b, packet_id_ack_array=[], remote_session_id=<uninitialized>, packet_id=28, data_len=100, peer_id=<uninitialized>, msg_type=4, msg_type_str=P_CONTROL_V1]
[opcode=5, key_id=0, session_id=Pz(\xa7\x82ux\x8d, packet_id_ack_array=[27], remote_session_id=\x9a\xd7G\xbe\xb2M\x8a\x1b, packet_id=<uninitialized>, data_len=0, peer_id=<uninitialized>, msg_type=5, msg_type_str=P_ACK_V1]
[opcode=4, key_id=0, session_id=\x9a\xd7G\xbe\xb2M\x8a\x1b, packet_id_ack_array=[], remote_session_id=<uninitialized>, packet_id=29, data_len=216, peer_id=<uninitialized>, msg_type=4, msg_type_str=P_CONTROL_V1]
[opcode=5, key_id=0, session_id=Pz(\xa7\x82ux\x8d, packet_id_ack_array=[28], remote_session_id=\x9a\xd7G\xbe\xb2M\x8a\x1b, packet_id=<uninitialized>, data_len=0, peer_id=<uninitialized>, msg_type=5, msg_type_str=P_ACK_V1]
[opcode=4, key_id=0, session_id=\x9a\xd7G\xbe\xb2M\x8a\x1b, packet_id_ack_array=[], remote_session_id=<uninitialized>, packet_id=31, data_len=100, peer_id=<uninitialized>, msg_type=4, msg_type_str=P_CONTROL_V1]
[opcode=5, key_id=0, session_id=Pz(\xa7\x82ux\x8d, packet_id_ack_array=[29], remote_session_id=\x9a\xd7G\xbe\xb2M\x8a\x1b, packet_id=<uninitialized>, data_len=0, peer_id=<uninitialized>, msg_type=5, msg_type_str=P_ACK_V1]
[opcode=4, key_id=0, session_id=\x9a\xd7G\xbe\xb2M\x8a\x1b, packet_id_ack_array=[], remote_session_id=<uninitialized>, packet_id=32, data_len=100, peer_id=<uninitialized>, msg_type=4, msg_type_str=P_CONTROL_V1]
[opcode=5, key_id=0, session_id=Pz(\xa7\x82ux\x8d, packet_id_ack_array=[30], remote_session_id=\x9a\xd7G\xbe\xb2M\x8a\x1b, packet_id=<uninitialized>, data_len=0, peer_id=<uninitialized>, msg_type=5, msg_type_str=P_ACK_V1]
[opcode=5, key_id=0, session_id=Pz(\xa7\x82ux\x8d, packet_id_ack_array=[31], remote_session_id=\x9a\xd7G\xbe\xb2M\x8a\x1b, packet_id=<uninitialized>, data_len=0, peer_id=<uninitialized>, msg_type=5, msg_type_str=P_ACK_V1]
[opcode=4, key_id=0, session_id=\x9a\xd7G\xbe\xb2M\x8a\x1b, packet_id_ack_array=[], remote_session_id=<uninitialized>, packet_id=33, data_len=100, peer_id=<uninitialized>, msg_type=4, msg_type_str=P_CONTROL_V1]
[opcode=5, key_id=0, session_id=Pz(\xa7\x82ux\x8d, packet_id_ack_array=[32], remote_session_id=\x9a\xd7G\xbe\xb2M\x8a\x1b, packet_id=<uninitialized>, data_len=0, peer_id=<uninitialized>, msg_type=5, msg_type_str=P_ACK_V1]
[opcode=4, key_id=0, session_id=\x9a\xd7G\xbe\xb2M\x8a\x1b, packet_id_ack_array=[], remote_session_id=<uninitialized>, packet_id=34, data_len=42, peer_id=<uninitialized>, msg_type=4, msg_type_str=P_CONTROL_V1]
[opcode=5, key_id=0, session_id=Pz(\xa7\x82ux\x8d, packet_id_ack_array=[33], remote_session_id=\x9a\xd7G\xbe\xb2M\x8a\x1b, packet_id=<uninitialized>, data_len=0, peer_id=<uninitialized>, msg_type=5, msg_type_str=P_ACK_V1]
[opcode=4, key_id=0, session_id=Pz(\xa7\x82ux\x8d, packet_id_ack_array=[34], remote_session_id=\x9a\xd7G\xbe\xb2M\x8a\x1b, packet_id=4, data_len=100, peer_id=<uninitialized>, msg_type=4, msg_type_str=P_CONTROL_V1]
[opcode=4, key_id=0, session_id=Pz(\xa7\x82ux\x8d, packet_id_ack_array=[], remote_session_id=<uninitialized>, packet_id=5, data_len=332, peer_id=<uninitialized>, msg_type=4, msg_type_str=P_CONTROL_V1]
[opcode=5, key_id=0, session_id=\x9a\xd7G\xbe\xb2M\x8a\x1b, packet_id_ack_array=[4], remote_session_id=Pz(\xa7\x82ux\x8d, packet_id=<uninitialized>, data_len=0, peer_id=<uninitialized>, msg_type=5, msg_type_str=P_ACK_V1]
[opcode=4, key_id=0, session_id=Pz(\xa7\x82ux\x8d, packet_id_ack_array=[], remote_session_id=<uninitialized>, packet_id=8, data_len=100, peer_id=<uninitialized>, msg_type=4, msg_type_str=P_CONTROL_V1]
[opcode=5, key_id=0, session_id=\x9a\xd7G\xbe\xb2M\x8a\x1b, packet_id_ack_array=[5], remote_session_id=Pz(\xa7\x82ux\x8d, packet_id=<uninitialized>, data_len=0, peer_id=<uninitialized>, msg_type=5, msg_type_str=P_ACK_V1]
[opcode=5, key_id=0, session_id=\x9a\xd7G\xbe\xb2M\x8a\x1b, packet_id_ack_array=[6], remote_session_id=Pz(\xa7\x82ux\x8d, packet_id=<uninitialized>, data_len=0, peer_id=<uninitialized>, msg_type=5, msg_type_str=P_ACK_V1]
[opcode=5, key_id=0, session_id=\x9a\xd7G\xbe\xb2M\x8a\x1b, packet_id_ack_array=[7], remote_session_id=Pz(\xa7\x82ux\x8d, packet_id=<uninitialized>, data_len=0, peer_id=<uninitialized>, msg_type=5, msg_type_str=P_ACK_V1]
[opcode=4, key_id=0, session_id=Pz(\xa7\x82ux\x8d, packet_id_ack_array=[], remote_session_id=<uninitialized>, packet_id=9, data_len=100, peer_id=<uninitialized>, msg_type=4, msg_type_str=P_CONTROL_V1]
[opcode=5, key_id=0, session_id=\x9a\xd7G\xbe\xb2M\x8a\x1b, packet_id_ack_array=[8], remote_session_id=Pz(\xa7\x82ux\x8d, packet_id=<uninitialized>, data_len=0, peer_id=<uninitialized>, msg_type=5, msg_type_str=P_ACK_V1]
[opcode=4, key_id=0, session_id=Pz(\xa7\x82ux\x8d, packet_id_ack_array=[], remote_session_id=<uninitialized>, packet_id=10, data_len=216, peer_id=<uninitialized>, msg_type=4, msg_type_str=P_CONTROL_V1]
[opcode=5, key_id=0, session_id=\x9a\xd7G\xbe\xb2M\x8a\x1b, packet_id_ack_array=[9], remote_session_id=Pz(\xa7\x82ux\x8d, packet_id=<uninitialized>, data_len=0, peer_id=<uninitialized>, msg_type=5, msg_type_str=P_ACK_V1]
[opcode=4, key_id=0, session_id=Pz(\xa7\x82ux\x8d, packet_id_ack_array=[], remote_session_id=<uninitialized>, packet_id=12, data_len=100, peer_id=<uninitialized>, msg_type=4, msg_type_str=P_CONTROL_V1]
[opcode=5, key_id=0, session_id=\x9a\xd7G\xbe\xb2M\x8a\x1b, packet_id_ack_array=[10], remote_session_id=Pz(\xa7\x82ux\x8d, packet_id=<uninitialized>, data_len=0, peer_id=<uninitialized>, msg_type=5, msg_type_str=P_ACK_V1]
[opcode=5, key_id=0, session_id=\x9a\xd7G\xbe\xb2M\x8a\x1b, packet_id_ack_array=[11], remote_session_id=Pz(\xa7\x82ux\x8d, packet_id=<uninitialized>, data_len=0, peer_id=<uninitialized>, msg_type=5, msg_type_str=P_ACK_V1]
[opcode=4, key_id=0, session_id=Pz(\xa7\x82ux\x8d, packet_id_ack_array=[], remote_session_id=<uninitialized>, packet_id=13, data_len=100, peer_id=<uninitialized>, msg_type=4, msg_type_str=P_CONTROL_V1]
[opcode=5, key_id=0, session_id=\x9a\xd7G\xbe\xb2M\x8a\x1b, packet_id_ack_array=[12], remote_session_id=Pz(\xa7\x82ux\x8d, packet_id=<uninitialized>, data_len=0, peer_id=<uninitialized>, msg_type=5, msg_type_str=P_ACK_V1]
[opcode=4, key_id=0, session_id=Pz(\xa7\x82ux\x8d, packet_id_ack_array=[], remote_session_id=<uninitialized>, packet_id=14, data_len=216, peer_id=<uninitialized>, msg_type=4, msg_type_str=P_CONTROL_V1]
[opcode=5, key_id=0, session_id=\x9a\xd7G\xbe\xb2M\x8a\x1b, packet_id_ack_array=[13], remote_session_id=Pz(\xa7\x82ux\x8d, packet_id=<uninitialized>, data_len=0, peer_id=<uninitialized>, msg_type=5, msg_type_str=P_ACK_V1]
[opcode=4, key_id=0, session_id=Pz(\xa7\x82ux\x8d, packet_id_ack_array=[], remote_session_id=<uninitialized>, packet_id=16, data_len=100, peer_id=<uninitialized>, msg_type=4, msg_type_str=P_CONTROL_V1]
[opcode=5, key_id=0, session_id=\x9a\xd7G\xbe\xb2M\x8a\x1b, packet_id_ack_array=[14], remote_session_id=Pz(\xa7\x82ux\x8d, packet_id=<uninitialized>, data_len=0, peer_id=<uninitialized>, msg_type=5, msg_type_str=P_ACK_V1]
[opcode=5, key_id=0, session_id=\x9a\xd7G\xbe\xb2M\x8a\x1b, packet_id_ack_array=[15], remote_session_id=Pz(\xa7\x82ux\x8d, packet_id=<uninitialized>, data_len=0, peer_id=<uninitialized>, msg_type=5, msg_type_str=P_ACK_V1]
[opcode=4, key_id=0, session_id=Pz(\xa7\x82ux\x8d, packet_id_ack_array=[], remote_session_id=<uninitialized>, packet_id=17, data_len=100, peer_id=<uninitialized>, msg_type=4, msg_type_str=P_CONTROL_V1]
[opcode=5, key_id=0, session_id=\x9a\xd7G\xbe\xb2M\x8a\x1b, packet_id_ack_array=[16], remote_session_id=Pz(\xa7\x82ux\x8d, packet_id=<uninitialized>, data_len=0, peer_id=<uninitialized>, msg_type=5, msg_type_str=P_ACK_V1]
[opcode=4, key_id=0, session_id=Pz(\xa7\x82ux\x8d, packet_id_ack_array=[], remote_session_id=<uninitialized>, packet_id=18, data_len=216, peer_id=<uninitialized>, msg_type=4, msg_type_str=P_CONTROL_V1]
[opcode=5, key_id=0, session_id=\x9a\xd7G\xbe\xb2M\x8a\x1b, packet_id_ack_array=[17], remote_session_id=Pz(\xa7\x82ux\x8d, packet_id=<uninitialized>, data_len=0, peer_id=<uninitialized>, msg_type=5, msg_type_str=P_ACK_V1]
[opcode=4, key_id=0, session_id=Pz(\xa7\x82ux\x8d, packet_id_ack_array=[], remote_session_id=<uninitialized>, packet_id=20, data_len=100, peer_id=<uninitialized>, msg_type=4, msg_type_str=P_CONTROL_V1]
[opcode=5, key_id=0, session_id=\x9a\xd7G\xbe\xb2M\x8a\x1b, packet_id_ack_array=[18], remote_session_id=Pz(\xa7\x82ux\x8d, packet_id=<uninitialized>, data_len=0, peer_id=<uninitialized>, msg_type=5, msg_type_str=P_ACK_V1]
[opcode=5, key_id=0, session_id=\x9a\xd7G\xbe\xb2M\x8a\x1b, packet_id_ack_array=[19], remote_session_id=Pz(\xa7\x82ux\x8d, packet_id=<uninitialized>, data_len=0, peer_id=<uninitialized>, msg_type=5, msg_type_str=P_ACK_V1]
[opcode=4, key_id=0, session_id=Pz(\xa7\x82ux\x8d, packet_id_ack_array=[], remote_session_id=<uninitialized>, packet_id=21, data_len=100, peer_id=<uninitialized>, msg_type=4, msg_type_str=P_CONTROL_V1]
[opcode=5, key_id=0, session_id=\x9a\xd7G\xbe\xb2M\x8a\x1b, packet_id_ack_array=[20], remote_session_id=Pz(\xa7\x82ux\x8d, packet_id=<uninitialized>, data_len=0, peer_id=<uninitialized>, msg_type=5, msg_type_str=P_ACK_V1]
[opcode=4, key_id=0, session_id=Pz(\xa7\x82ux\x8d, packet_id_ack_array=[], remote_session_id=<uninitialized>, packet_id=22, data_len=216, peer_id=<uninitialized>, msg_type=4, msg_type_str=P_CONTROL_V1]
[opcode=5, key_id=0, session_id=\x9a\xd7G\xbe\xb2M\x8a\x1b, packet_id_ack_array=[21], remote_session_id=Pz(\xa7\x82ux\x8d, packet_id=<uninitialized>, data_len=0, peer_id=<uninitialized>, msg_type=5, msg_type_str=P_ACK_V1]
[opcode=4, key_id=0, session_id=Pz(\xa7\x82ux\x8d, packet_id_ack_array=[], remote_session_id=<uninitialized>, packet_id=24, data_len=100, peer_id=<uninitialized>, msg_type=4, msg_type_str=P_CONTROL_V1]
[opcode=5, key_id=0, session_id=\x9a\xd7G\xbe\xb2M\x8a\x1b, packet_id_ack_array=[22], remote_session_id=Pz(\xa7\x82ux\x8d, packet_id=<uninitialized>, data_len=0, peer_id=<uninitialized>, msg_type=5, msg_type_str=P_ACK_V1]
[opcode=5, key_id=0, session_id=\x9a\xd7G\xbe\xb2M\x8a\x1b, packet_id_ack_array=[23], remote_session_id=Pz(\xa7\x82ux\x8d, packet_id=<uninitialized>, data_len=0, peer_id=<uninitialized>, msg_type=5, msg_type_str=P_ACK_V1]
[opcode=4, key_id=0, session_id=Pz(\xa7\x82ux\x8d, packet_id_ack_array=[], remote_session_id=<uninitialized>, packet_id=25, data_len=100, peer_id=<uninitialized>, msg_type=4, msg_type_str=P_CONTROL_V1]
[opcode=5, key_id=0, session_id=\x9a\xd7G\xbe\xb2M\x8a\x1b, packet_id_ack_array=[24], remote_session_id=Pz(\xa7\x82ux\x8d, packet_id=<uninitialized>, data_len=0, peer_id=<uninitialized>, msg_type=5, msg_type_str=P_ACK_V1]
[opcode=4, key_id=0, session_id=Pz(\xa7\x82ux\x8d, packet_id_ack_array=[], remote_session_id=<uninitialized>, packet_id=26, data_len=100, peer_id=<uninitialized>, msg_type=4, msg_type_str=P_CONTROL_V1]
[opcode=5, key_id=0, session_id=\x9a\xd7G\xbe\xb2M\x8a\x1b, packet_id_ack_array=[25], remote_session_id=Pz(\xa7\x82ux\x8d, packet_id=<uninitialized>, data_len=0, peer_id=<uninitialized>, msg_type=5, msg_type_str=P_ACK_V1]
[opcode=4, key_id=0, session_id=Pz(\xa7\x82ux\x8d, packet_id_ack_array=[], remote_session_id=<uninitialized>, packet_id=27, data_len=216, peer_id=<uninitialized>, msg_type=4, msg_type_str=P_CONTROL_V1]
[opcode=5, key_id=0, session_id=\x9a\xd7G\xbe\xb2M\x8a\x1b, packet_id_ack_array=[26], remote_session_id=Pz(\xa7\x82ux\x8d, packet_id=<uninitialized>, data_len=0, peer_id=<uninitialized>, msg_type=5, msg_type_str=P_ACK_V1]
[opcode=4, key_id=0, session_id=Pz(\xa7\x82ux\x8d, packet_id_ack_array=[], remote_session_id=<uninitialized>, packet_id=29, data_len=100, peer_id=<uninitialized>, msg_type=4, msg_type_str=P_CONTROL_V1]
[opcode=5, key_id=0, session_id=\x9a\xd7G\xbe\xb2M\x8a\x1b, packet_id_ack_array=[27], remote_session_id=Pz(\xa7\x82ux\x8d, packet_id=<uninitialized>, data_len=0, peer_id=<uninitialized>, msg_type=5, msg_type_str=P_ACK_V1]
[opcode=4, key_id=0, session_id=Pz(\xa7\x82ux\x8d, packet_id_ack_array=[], remote_session_id=<uninitialized>, packet_id=30, data_len=100, peer_id=<uninitialized>, msg_type=4, msg_type_str=P_CONTROL_V1]
[opcode=5, key_id=0, session_id=\x9a\xd7G\xbe\xb2M\x8a\x1b, packet_id_ack_array=[28], remote_session_id=Pz(\xa7\x82ux\x8d, packet_id=<uninitialized>, data_len=0, peer_id=<uninitialized>, msg_type=5, msg_type_str=P_ACK_V1]
[opcode=4, key_id=0, session_id=Pz(\xa7\x82ux\x8d, packet_id_ack_array=[], remote_session_id=<uninitialized>, packet_id=31, data_len=100, peer_id=<uninitialized>, msg_type=4, msg_type_str=P_CONTROL_V1]
[opcode=4, key_id=0, session_id=Pz(\xa7\x82ux\x8d, packet_id_ack_array=[], remote_session_id=<uninitialized>, packet_id=32, data_len=100, peer_id=<uninitialized>, msg_type=4, msg_type_str=P_CONTROL_V1]
[opcode=5, key_id=0, session_id=\x9a\xd7G\xbe\xb2M\x8a\x1b, packet_id_ack_array=[29], remote_session_id=Pz(\xa7\x82ux\x8d, packet_id=<uninitialized>, data_len=0, peer_id=<uninitialized>, msg_type=5, msg_type_str=P_ACK_V1]
[opcode=4, key_id=0, session_id=Pz(\xa7\x82ux\x8d, packet_id_ack_array=[], remote_session_id=<uninitialized>, packet_id=33, data_len=21, peer_id=<uninitialized>, msg_type=4, msg_type_str=P_CONTROL_V1]
[opcode=5, key_id=0, session_id=\x9a\xd7G\xbe\xb2M\x8a\x1b, packet_id_ack_array=[30], remote_session_id=Pz(\xa7\x82ux\x8d, packet_id=<uninitialized>, data_len=0, peer_id=<uninitialized>, msg_type=5, msg_type_str=P_ACK_V1]
[opcode=5, key_id=0, session_id=\x9a\xd7G\xbe\xb2M\x8a\x1b, packet_id_ack_array=[31], remote_session_id=Pz(\xa7\x82ux\x8d, packet_id=<uninitialized>, data_len=0, peer_id=<uninitialized>, msg_type=5, msg_type_str=P_ACK_V1]
[opcode=5, key_id=0, session_id=\x9a\xd7G\xbe\xb2M\x8a\x1b, packet_id_ack_array=[32], remote_session_id=Pz(\xa7\x82ux\x8d, packet_id=<uninitialized>, data_len=0, peer_id=<uninitialized>, msg_type=5, msg_type_str=P_ACK_V1]
[opcode=4, key_id=0, session_id=\x9a\xd7G\xbe\xb2M\x8a\x1b, packet_id_ack_array=[33], remote_session_id=Pz(\xa7\x82ux\x8d, packet_id=35, data_len=448, peer_id=<uninitialized>, msg_type=4, msg_type_str=P_CONTROL_V1]
[opcode=5, key_id=0, session_id=Pz(\xa7\x82ux\x8d, packet_id_ack_array=[35], remote_session_id=\x9a\xd7G\xbe\xb2M\x8a\x1b, packet_id=<uninitialized>, data_len=0, peer_id=<uninitialized>, msg_type=5, msg_type_str=P_ACK_V1]
[opcode=4, key_id=0, session_id=\x9a\xd7G\xbe\xb2M\x8a\x1b, packet_id_ack_array=[], remote_session_id=<uninitialized>, packet_id=39, data_len=100, peer_id=<uninitialized>, msg_type=4, msg_type_str=P_CONTROL_V1]
[opcode=5, key_id=0, session_id=Pz(\xa7\x82ux\x8d, packet_id_ack_array=[36, 37, 38], remote_session_id=\x9a\xd7G\xbe\xb2M\x8a\x1b, packet_id=<uninitialized>, data_len=0, peer_id=<uninitialized>, msg_type=5, msg_type_str=P_ACK_V1]
[opcode=4, key_id=0, session_id=\x9a\xd7G\xbe\xb2M\x8a\x1b, packet_id_ack_array=[], remote_session_id=<uninitialized>, packet_id=40, data_len=100, peer_id=<uninitialized>, msg_type=4, msg_type_str=P_CONTROL_V1]
[opcode=5, key_id=0, session_id=Pz(\xa7\x82ux\x8d, packet_id_ack_array=[39], remote_session_id=\x9a\xd7G\xbe\xb2M\x8a\x1b, packet_id=<uninitialized>, data_len=0, peer_id=<uninitialized>, msg_type=5, msg_type_str=P_ACK_V1]
[opcode=4, key_id=0, session_id=\x9a\xd7G\xbe\xb2M\x8a\x1b, packet_id_ack_array=[], remote_session_id=<uninitialized>, packet_id=41, data_len=216, peer_id=<uninitialized>, msg_type=4, msg_type_str=P_CONTROL_V1]
[opcode=5, key_id=0, session_id=Pz(\xa7\x82ux\x8d, packet_id_ack_array=[40], remote_session_id=\x9a\xd7G\xbe\xb2M\x8a\x1b, packet_id=<uninitialized>, data_len=0, peer_id=<uninitialized>, msg_type=5, msg_type_str=P_ACK_V1]
[opcode=4, key_id=0, session_id=\x9a\xd7G\xbe\xb2M\x8a\x1b, packet_id_ack_array=[], remote_session_id=<uninitialized>, packet_id=43, data_len=100, peer_id=<uninitialized>, msg_type=4, msg_type_str=P_CONTROL_V1]
[opcode=5, key_id=0, session_id=Pz(\xa7\x82ux\x8d, packet_id_ack_array=[41], remote_session_id=\x9a\xd7G\xbe\xb2M\x8a\x1b, packet_id=<uninitialized>, data_len=0, peer_id=<uninitialized>, msg_type=5, msg_type_str=P_ACK_V1]
[opcode=5, key_id=0, session_id=Pz(\xa7\x82ux\x8d, packet_id_ack_array=[42], remote_session_id=\x9a\xd7G\xbe\xb2M\x8a\x1b, packet_id=<uninitialized>, data_len=0, peer_id=<uninitialized>, msg_type=5, msg_type_str=P_ACK_V1]
[opcode=4, key_id=0, session_id=\x9a\xd7G\xbe\xb2M\x8a\x1b, packet_id_ack_array=[], remote_session_id=<uninitialized>, packet_id=44, data_len=100, peer_id=<uninitialized>, msg_type=4, msg_type_str=P_CONTROL_V1]
[opcode=5, key_id=0, session_id=Pz(\xa7\x82ux\x8d, packet_id_ack_array=[43], remote_session_id=\x9a\xd7G\xbe\xb2M\x8a\x1b, packet_id=<uninitialized>, data_len=0, peer_id=<uninitialized>, msg_type=5, msg_type_str=P_ACK_V1]
[opcode=4, key_id=0, session_id=\x9a\xd7G\xbe\xb2M\x8a\x1b, packet_id_ack_array=[], remote_session_id=<uninitialized>, packet_id=45, data_len=216, peer_id=<uninitialized>, msg_type=4, msg_type_str=P_CONTROL_V1]
[opcode=5, key_id=0, session_id=Pz(\xa7\x82ux\x8d, packet_id_ack_array=[44], remote_session_id=\x9a\xd7G\xbe\xb2M\x8a\x1b, packet_id=<uninitialized>, data_len=0, peer_id=<uninitialized>, msg_type=5, msg_type_str=P_ACK_V1]
[opcode=4, key_id=0, session_id=\x9a\xd7G\xbe\xb2M\x8a\x1b, packet_id_ack_array=[], remote_session_id=<uninitialized>, packet_id=47, data_len=100, peer_id=<uninitialized>, msg_type=4, msg_type_str=P_CONTROL_V1]
[opcode=5, key_id=0, session_id=Pz(\xa7\x82ux\x8d, packet_id_ack_array=[45], remote_session_id=\x9a\xd7G\xbe\xb2M\x8a\x1b, packet_id=<uninitialized>, data_len=0, peer_id=<uninitialized>, msg_type=5, msg_type_str=P_ACK_V1]
[opcode=5, key_id=0, session_id=Pz(\xa7\x82ux\x8d, packet_id_ack_array=[46], remote_session_id=\x9a\xd7G\xbe\xb2M\x8a\x1b, packet_id=<uninitialized>, data_len=0, peer_id=<uninitialized>, msg_type=5, msg_type_str=P_ACK_V1]
[opcode=4, key_id=0, session_id=\x9a\xd7G\xbe\xb2M\x8a\x1b, packet_id_ack_array=[], remote_session_id=<uninitialized>, packet_id=48, data_len=100, peer_id=<uninitialized>, msg_type=4, msg_type_str=P_CONTROL_V1]
[opcode=5, key_id=0, session_id=Pz(\xa7\x82ux\x8d, packet_id_ack_array=[47], remote_session_id=\x9a\xd7G\xbe\xb2M\x8a\x1b, packet_id=<uninitialized>, data_len=0, peer_id=<uninitialized>, msg_type=5, msg_type_str=P_ACK_V1]
[opcode=4, key_id=0, session_id=\x9a\xd7G\xbe\xb2M\x8a\x1b, packet_id_ack_array=[], remote_session_id=<uninitialized>, packet_id=49, data_len=34, peer_id=<uninitialized>, msg_type=4, msg_type_str=P_CONTROL_V1]
[opcode=5, key_id=0, session_id=Pz(\xa7\x82ux\x8d, packet_id_ack_array=[48], remote_session_id=\x9a\xd7G\xbe\xb2M\x8a\x1b, packet_id=<uninitialized>, data_len=0, peer_id=<uninitialized>, msg_type=5, msg_type_str=P_ACK_V1]
[opcode=4, key_id=0, session_id=Pz(\xa7\x82ux\x8d, packet_id_ack_array=[49], remote_session_id=\x9a\xd7G\xbe\xb2M\x8a\x1b, packet_id=34, data_len=378, peer_id=<uninitialized>, msg_type=4, msg_type_str=P_CONTROL_V1]
[opcode=5, key_id=0, session_id=\x9a\xd7G\xbe\xb2M\x8a\x1b, packet_id_ack_array=[34], remote_session_id=Pz(\xa7\x82ux\x8d, packet_id=<uninitialized>, data_len=0, peer_id=<uninitialized>, msg_type=5, msg_type_str=P_ACK_V1]
[opcode=5, key_id=0, session_id=\x9a\xd7G\xbe\xb2M\x8a\x1b, packet_id_ack_array=[35], remote_session_id=Pz(\xa7\x82ux\x8d, packet_id=<uninitialized>, data_len=0, peer_id=<uninitialized>, msg_type=5, msg_type_str=P_ACK_V1]
[opcode=5, key_id=0, session_id=\x9a\xd7G\xbe\xb2M\x8a\x1b, packet_id_ack_array=[36], remote_session_id=Pz(\xa7\x82ux\x8d, packet_id=<uninitialized>, data_len=0, peer_id=<uninitialized>, msg_type=5, msg_type_str=P_ACK_V1]
[opcode=4, key_id=0, session_id=\x9a\xd7G\xbe\xb2M\x8a\x1b, packet_id_ack_array=[37], remote_session_id=Pz(\xa7\x82ux\x8d, packet_id=50, data_len=298, peer_id=<uninitialized>, msg_type=4, msg_type_str=P_CONTROL_V1]
[opcode=5, key_id=0, session_id=Pz(\xa7\x82ux\x8d, packet_id_ack_array=[50], remote_session_id=\x9a\xd7G\xbe\xb2M\x8a\x1b, packet_id=<uninitialized>, data_len=0, peer_id=<uninitialized>, msg_type=5, msg_type_str=P_ACK_V1]
[opcode=5, key_id=0, session_id=Pz(\xa7\x82ux\x8d, packet_id_ack_array=[51, 52], remote_session_id=\x9a\xd7G\xbe\xb2M\x8a\x1b, packet_id=<uninitialized>, data_len=0, peer_id=<uninitialized>, msg_type=5, msg_type_str=P_ACK_V1]
[opcode=4, key_id=0, session_id=Pz(\xa7\x82ux\x8d, packet_id_ack_array=[], remote_session_id=<uninitialized>, packet_id=38, data_len=90, peer_id=<uninitialized>, msg_type=4, msg_type_str=P_CONTROL_V1]
[opcode=5, key_id=0, session_id=\x9a\xd7G\xbe\xb2M\x8a\x1b, packet_id_ack_array=[38], remote_session_id=Pz(\xa7\x82ux\x8d, packet_id=<uninitialized>, data_len=0, peer_id=<uninitialized>, msg_type=5, msg_type_str=P_ACK_V1]
[opcode=4, key_id=0, session_id=\x9a\xd7G\xbe\xb2M\x8a\x1b, packet_id_ack_array=[], remote_session_id=<uninitialized>, packet_id=53, data_len=170, peer_id=<uninitialized>, msg_type=4, msg_type_str=P_CONTROL_V1]
[opcode=5, key_id=0, session_id=Pz(\xa7\x82ux\x8d, packet_id_ack_array=[53], remote_session_id=\x9a\xd7G\xbe\xb2M\x8a\x1b, packet_id=<uninitialized>, data_len=0, peer_id=<uninitialized>, msg_type=5, msg_type_str=P_ACK_V1]
[opcode=5, key_id=0, session_id=Pz(\xa7\x82ux\x8d, packet_id_ack_array=[54], remote_session_id=\x9a\xd7G\xbe\xb2M\x8a\x1b, packet_id=<uninitialized>, data_len=0, peer_id=<uninitialized>, msg_type=5, msg_type_str=P_ACK_V1]
[opcode=6, key_id=0, session_id=<uninitialized>, packet_id_ack_array=<uninitialized>, remote_session_id=<uninitialized>, packet_id=<uninitialized>, data_len=52, peer_id=<uninitialized>, msg_type=6, msg_type_str=P_DATA_V1]
[opcode=6, key_id=0, session_id=<uninitialized>, packet_id_ack_array=<uninitialized>, remote_session_id=<uninitialized>, packet_id=<uninitialized>, data_len=52, peer_id=<uninitialized>, msg_type=6, msg_type_str=P_DATA_V1]
[opcode=6, key_id=0, session_id=<uninitialized>, packet_id_ack_array=<uninitialized>, remote_session_id=<uninitialized>, packet_id=<uninitialized>, data_len=124, peer_id=<uninitialized>, msg_type=6, msg_type_str=P_DATA_V1]
[opcode=6, key_id=0, session_id=<uninitialized>, packet_id_ack_array=<uninitialized>, remote_session_id=<uninitialized>, packet_id=<uninitialized>, data_len=124, peer_id=<uninitialized>, msg_type=6, msg_type_str=P_DATA_V1]
[opcode=6, key_id=0, session_id=<uninitialized>, packet_id_ack_array=<uninitialized>, remote_session_id=<uninitialized>, packet_id=<uninitialized>, data_len=124, peer_id=<uninitialized>, msg_type=6, msg_type_str=P_DATA_V1]
[opcode=6, key_id=0, session_id=<uninitialized>, packet_id_ack_array=<uninitialized>, remote_session_id=<uninitialized>, packet_id=<uninitialized>, data_len=124, peer_id=<uninitialized>, msg_type=6, msg_type_str=P_DATA_V1]
[opcode=6, key_id=0, session_id=<uninitialized>, packet_id_ack_array=<uninitialized>, remote_session_id=<uninitialized>, packet_id=<uninitialized>, data_len=124, peer_id=<uninitialized>, msg_type=6, msg_type_str=P_DATA_V1]
[opcode=6, key_id=0, session_id=<uninitialized>, packet_id_ack_array=<uninitialized>, remote_session_id=<uninitialized>, packet_id=<uninitialized>, data_len=124, peer_id=<uninitialized>, msg_type=6, msg_type_str=P_DATA_V1]
[opcode=6, key_id=0, session_id=<uninitialized>, packet_id_ack_array=<uninitialized>, remote_session_id=<uninitialized>, packet_id=<uninitialized>, data_len=124, peer_id=<uninitialized>, msg_type=6, msg_type_str=P_DATA_V1]
[opcode=6, key_id=0, session_id=<uninitialized>, packet_id_ack_array=<uninitialized>, remote_session_id=<uninitialized>, packet_id=<uninitialized>, data_len=124, peer_id=<uninitialized>, msg_type=6, msg_type_str=P_DATA_V1]
[opcode=6, key_id=0, session_id=<uninitialized>, packet_id_ack_array=<uninitialized>, remote_session_id=<uninitialized>, packet_id=<uninitialized>, data_len=124, peer_id=<uninitialized>, msg_type=6, msg_type_str=P_DATA_V1]
[opcode=6, key_id=0, session_id=<uninitialized>, packet_id_ack_array=<uninitialized>, remote_session_id=<uninitialized>, packet_id=<uninitialized>, data_len=124, peer_id=<uninitialized>, msg_type=6, msg_type_str=P_DATA_V1]
[opcode=6, key_id=0, session_id=<uninitialized>, packet_id_ack_array=<uninitialized>, remote_session_id=<uninitialized>, packet_id=<uninitialized>, data_len=124, peer_id=<uninitialized>, msg_type=6, msg_type_str=P_DATA_V1]
[opcode=6, key_id=0, session_id=<uninitialized>, packet_id_ack_array=<uninitialized>, remote_session_id=<uninitialized>, packet_id=<uninitialized>, data_len=124, peer_id=<uninitialized>, msg_type=6, msg_type_str=P_DATA_V1]
[opcode=6, key_id=0, session_id=<uninitialized>, packet_id_ack_array=<uninitialized>, remote_session_id=<uninitialized>, packet_id=<uninitialized>, data_len=124, peer_id=<uninitialized>, msg_type=6, msg_type_str=P_DATA_V1]
[opcode=6, key_id=0, session_id=<uninitialized>, packet_id_ack_array=<uninitialized>, remote_session_id=<uninitialized>, packet_id=<uninitialized>, data_len=124, peer_id=<uninitialized>, msg_type=6, msg_type_str=P_DATA_V1]
[opcode=6, key_id=0, session_id=<uninitialized>, packet_id_ack_array=<uninitialized>, remote_session_id=<uninitialized>, packet_id=<uninitialized>, data_len=124, peer_id=<uninitialized>, msg_type=6, msg_type_str=P_DATA_V1]
[opcode=6, key_id=0, session_id=<uninitialized>, packet_id_ack_array=<uninitialized>, remote_session_id=<uninitialized>, packet_id=<uninitialized>, data_len=124, peer_id=<uninitialized>, msg_type=6, msg_type_str=P_DATA_V1]
[opcode=6, key_id=0, session_id=<uninitialized>, packet_id_ack_array=<uninitialized>, remote_session_id=<uninitialized>, packet_id=<uninitialized>, data_len=124, peer_id=<uninitialized>, msg_type=6, msg_type_str=P_DATA_V1]
[opcode=6, key_id=0, session_id=<uninitialized>, packet_id_ack_array=<uninitialized>, remote_session_id=<uninitialized>, packet_id=<uninitialized>, data_len=52, peer_id=<uninitialized>, msg_type=6, msg_type_str=P_DATA_V1]
